******************************************************************************
                  TI ARM Linker PC v15.12.7                    
******************************************************************************
>> Linked Tue Mar 20 10:37:21 2018

OUTPUT FILE NAME:   <BT_Project.out>
ENTRY POINT SYMBOL: "_c_int00"  address: 000050c9


MEMORY CONFIGURATION

         name            origin    length      used     unused   attr    fill
----------------------  --------  ---------  --------  --------  ----  --------
  FLASH                 00000000   00040000  0000994a  000366b6  R  X
  SRAM                  20000000   00008000  00002450  00005bb0  RW X


SEGMENT ALLOCATION MAP

run origin  load origin   length   init length attrs members
----------  ----------- ---------- ----------- ----- -------
00000000    00000000    00009954   00009954    r-x
  00000000    00000000    0000003c   0000003c    r-- .resetVecs
  00000040    00000040    00006caa   00006caa    r-x .text
  00006cec    00006cec    00002800   00002800    r-- .const
  000094f0    000094f0    00000464   00000464    r-- .cinit
20000000    20000000    00000360   00000000    rw-
  20000000    20000000    00000360   00000000    rw- .vecs
20000380    20000380    000020f0   00000000    rw-
  20000380    20000380    000016b0   00000000    rw- .bss
  20001a30    20001a30    00000640   00000000    rw- .data
  20002070    20002070    00000400   00000000    rw- .stack


SECTION ALLOCATION MAP

 output                                  attributes/
section   page    origin      length       input sections
--------  ----  ----------  ----------   ----------------
.text      0    00000040    00006caa     
                  00000040    00000430     sysbios.aem4f : BIOS.obj (.text:ti_sysbios_family_arm_m3_Hwi_excDumpRegs__I)
                  00000470    0000034c     ti.targets.arm.rtsarm.aem4f : System.oem4f (.text:xdc_runtime_System_doPrint__I)
                  000007bc    00000004     driverlib.lib : uart.obj (.text:UARTIntClear)
                  000007c0    000002e4     sysbios.aem4f : BIOS.obj (.text:ti_sysbios_knl_Semaphore_pend__E)
                  00000aa4    000002ac     tivaCbluetooth.obj (.text:Uart5InterruptIsrR)
                  00000d50    00000254     sysbios.aem4f : BIOS.obj (.text:ti_sysbios_heaps_HeapMem_free__E)
                  00000fa4    00000004     empty_pem4f.oem4f (.text:ti_sysbios_BIOS_RtsGateProxy_enter__E)
                  00000fa8    00000248     sysbios.aem4f : BIOS.obj (.text:ti_sysbios_heaps_HeapMem_alloc__E)
                  000011f0    000001fc                   : BIOS.obj (.text:ti_sysbios_family_arm_m3_Hwi_excHandlerMax__I)
                  000013ec    00000004     empty_pem4f.oem4f (.text:ti_sysbios_BIOS_RtsGateProxy_leave__E)
                  000013f0    0000017c     sysbios.aem4f : BIOS.obj (.text:ti_sysbios_family_arm_lm4_TimestampProvider_get64__E)
                  0000156c    00000004                   : BIOS.obj (.text:ti_sysbios_family_arm_lm4_Timer_masterEnable__I)
                  00001570    00000174                   : BIOS.obj (.text:ti_sysbios_family_arm_m3_Hwi_excBusFault__I)
                  000016e4    00000004     empty_pem4f.oem4f (.text:ti_sysbios_family_arm_m3_TaskSupport_Module__startupDone__S)
                  000016e8    00000168     sysbios.aem4f : BIOS.obj (.text:ti_sysbios_family_arm_lm4_Timer_start__E)
                  00001850    00000164                   : BIOS.obj (.text:ti_sysbios_family_arm_m3_Hwi_excUsageFault__I)
                  000019b4    00000004     empty_pem4f.oem4f (.text:ti_sysbios_heaps_HeapMem_Module_GateProxy_enter__E)
                  000019b8    00000148     sysbios.aem4f : BIOS.obj (.text:ti_sysbios_family_arm_m3_Hwi_excMemFault__I)
                  00001b00    00000140                   : BIOS.obj (.text:ti_sysbios_knl_Semaphore_post__E)
                  00001c40    0000013c                   : BIOS.obj (.text:ti_sysbios_heaps_HeapMem_Instance_init__E)
                  00001d7c    00000004     empty_pem4f.oem4f (.text:ti_sysbios_heaps_HeapMem_Module_GateProxy_leave__E)
                  00001d80    00000138     sysbios.aem4f : BIOS.obj (.text:ti_sysbios_family_arm_m3_Hwi_dispatchC__I)
                  00001eb8    00000138     empty_pem4f.oem4f (.text:ti_uia_loggers_LoggerStopMode_writeMemoryRange__E)
                  00001ff0    00000134     sysbios.aem4f : BIOS.obj (.text:ti_sysbios_knl_Clock_workFunc__E)
                  00002124    00000130     driverlib.lib : gpio.obj (.text:GPIOPadConfigSet)
                  00002254    00000004     empty_pem4f.oem4f (.text:ti_sysbios_knl_Clock_TimerProxy_getMaxTicks__E)
                  00002258    0000011c     sysbios.aem4f : BIOS.obj (.text:ti_sysbios_knl_Swi_run__I)
                  00002374    00000118     ti.targets.arm.rtsarm.aem4f : Error.oem4f (.text:xdc_runtime_Error_policyDefault__E)
                  0000248c    00000004     empty_pem4f.oem4f (.text:ti_sysbios_knl_Clock_TimerProxy_getPeriod__E)
                  00002490    00000110     sysbios.aem4f : BIOS.obj (.text:ti_sysbios_knl_Task_schedule__I)
                  000025a0    0000010c     driverlib.lib : sysctl.obj (.text:SysCtlClockGet)
                  000026ac    0000010c     empty_pem4f.oem4f (.text:ti_uia_loggers_LoggerStopMode_write8__E)
                  000027b8    00000100     Boot.aem4f : Boot_sysctl.oem4f (.text:ti_catalog_arm_cortexm4_tiva_ce_Boot_sysCtlClockSetI__I)
                  000028b8    00000100     ti.targets.arm.rtsarm.aem4f : Core-mem.oem4f (.text:xdc_runtime_Core_createObject__I)
                  000029b8    000000fc     sysbios.aem4f : BIOS.obj (.text:ti_sysbios_knl_Task_postInit__I)
                  00002ab4    00000004     empty_pem4f.oem4f (.text:ti_sysbios_knl_Queue_destruct)
                  00002ab8    000000fc     sysbios.aem4f : BIOS.obj (.text:ti_sysbios_knl_Task_startCore__E)
                  00002bb4    00000004     empty_pem4f.oem4f (.text:ti_sysbios_knl_Semaphore_destruct)
                  00002bb8    000000f8     sysbios.aem4f : BIOS.obj (.text:ti_sysbios_utils_Load_updateThreadContexts__E)
                  00002cb0    000000f8     ti.targets.arm.rtsarm.aem4f : Startup.oem4f (.text:xdc_runtime_Startup_startMods__I)
                  00002da8    000000f8     empty_pem4f.oem4f (.text:xdc_runtime_System_printfExtend__I)
                  00002ea0    000000f4     sysbios.aem4f : m3_Hwi_asm.obj (.text:ti_sysbios_family_arm_m3_Hwi_dispatch__I)
                  00002f94    000000f4     empty_pem4f.oem4f (.text:ti_uia_loggers_LoggerStopMode_write4__E)
                  00003088    000000f0     driverlib.lib : sysctl.obj (.text:SysCtlClockSet)
                  00003178    000000e8     empty_pem4f.oem4f (.text:ti_uia_loggers_LoggerStopMode_write2__E)
                  00003260    000000e4     empty_pem4f.oem4f (.text:ti_uia_loggers_LoggerStopMode_write1__E)
                  00003344    00000004     ti.uia.loggers.aem4f : LoggerStopMode.oem4f (.text:ti_uia_loggers_LoggerStopMode_getContents__E)
                  00003348    000000d8     sysbios.aem4f : BIOS.obj (.text:ti_sysbios_family_arm_lm4_TimestampProvider_get32__E)
                  00003420    000000d8     empty_pem4f.oem4f (.text:ti_uia_loggers_LoggerStopMode_write0__E)
                  000034f8    000000d0     sysbios.aem4f : BIOS.obj (.text:ti_sysbios_family_arm_m3_Hwi_Module_startup__E)
                  000035c8    000000cc     ti.targets.arm.rtsarm.aem4f : Core-smem.oem4f (.text:xdc_runtime_Core_constructObject__I)
                  00003694    00000004     empty_pem4f.oem4f (.text:ti_uia_loggers_LoggerStopMode_getFilterLevel__E)
                  00003698    000000c8     sysbios.aem4f : BIOS.obj (.text:ti_sysbios_knl_Task_exit__E)
                  00003760    000000c4                   : BIOS.obj (.text:ti_sysbios_utils_Load_logLoads__I)
                  00003824    00000004     ti.uia.loggers.aem4f : LoggerStopMode.oem4f (.text:ti_uia_loggers_LoggerStopMode_getInstanceId__E)
                  00003828    000000bc     sysbios.aem4f : BIOS.obj (.text:ti_sysbios_family_arm_m3_Hwi_excDebugMon__I)
                  000038e4    00000004     ti.uia.loggers.aem4f : LoggerStopMode.oem4f (.text:ti_uia_loggers_LoggerStopMode_getMaxLength__E)
                  000038e8    000000bc     sysbios.aem4f : BIOS.obj (.text:ti_sysbios_family_arm_m3_Hwi_excHardFault__I)
                  000039a4    00000004     ti.uia.loggers.aem4f : LoggerStopMode.oem4f (.text:ti_uia_loggers_LoggerStopMode_getPriority__E)
                  000039a8    000000bc     sysbios.aem4f : BIOS.obj (.text:ti_sysbios_knl_Task_unblockI__E)
                  00003a64    00000004     ti.uia.loggers.aem4f : LoggerStopMode.oem4f (.text:ti_uia_loggers_LoggerStopMode_getTransferType__E)
                  00003a68    000000b4     sysbios.aem4f : BIOS.obj (.text:ti_sysbios_gates_GateMutex_enter__E)
                  00003b1c    00000004     ti.targets.arm.rtsarm.aem4f : Error.oem4f (.text:xdc_runtime_Error_getSite__E)
                  00003b20    000000b4     sysbios.aem4f : BIOS.obj (.text:ti_sysbios_knl_Task_checkStacks__E)
                  00003bd4    000000b0     initialiseProject.obj (.text:ConfigureBlueTooth)
                  00003c84    00000004     empty_pem4f.oem4f (.text:xdc_runtime_System_Module_GateProxy_enter__E)
                  00003c88    000000b0     sysbios.aem4f : BIOS.obj (.text:ti_sysbios_utils_Load_idleFxn__E)
                  00003d38    000000b0                   : BIOS.obj (.text:ti_sysbios_utils_Load_updateLoads__E)
                  00003de8    000000ae     uartFunctions.obj (.text:itoa)
                  00003e96    00000002     rtsv7M4_T_le_v4SPD16_eabi.lib : i_div0.obj (.text)
                  00003e98    000000ac     sysbios.aem4f : BIOS.obj (.text:ti_sysbios_family_arm_lm4_Timer_enableTiva__I)
                  00003f44    00000004     empty_pem4f.oem4f (.text:xdc_runtime_System_Module_GateProxy_leave__E)
                  00003f48    000000ac     sysbios.aem4f : BIOS.obj (.text:ti_sysbios_knl_Swi_post__E)
                  00003ff4    00000004     ti.targets.arm.rtsarm.aem4f : System.oem4f (.text:xdc_runtime_System_aprintf_va__F)
                  00003ff8    000000a8     sysbios.aem4f : BIOS.obj (.text:ti_sysbios_family_arm_lm4_Timer_enableTimers__I)
                  000040a0    000000a8                   : BIOS.obj (.text:ti_sysbios_knl_Task_blockI__E)
                  00004148    000000a0     auto_init.aem4f : auto_init.oem4f (.text)
                  000041e8    000000a0     ti.targets.arm.rtsarm.aem4f : Text.oem4f (.text:xdc_runtime_Text_putMod__E)
                  00004288    0000009c     rtsv7M4_T_le_v4SPD16_eabi.lib : memcpy_t2.obj (.text)
                  00004324    00000004     ti.targets.arm.rtsarm.aem4f : System.oem4f (.text:xdc_runtime_System_printf_va__F)
                  00004328    0000009c     sysbios.aem4f : BIOS.obj (.text:ti_sysbios_knl_Semaphore_Instance_init__E)
                  000043c4    0000009a     ti.targets.arm.rtsarm.aem4f : Text.oem4f (.text:xdc_runtime_Text_putSite__E)
                  0000445e    00000002     empty_pem4f.oem4f (.text:ti_sysbios_BIOS_nullFunc__I)
                  00004460    00000098     Boot.aem4f : Boot.oem4f (.text:ti_catalog_arm_cortexm4_tiva_ce_Boot_sysCtlClockSet__E)
                  000044f8    00000094     sysbios.aem4f : BIOS.obj (.text:ti_sysbios_family_arm_m3_Hwi_initNVIC__E)
                  0000458c    00000002     empty_pem4f.oem4f (.text:ti_uia_loggers_LoggerStopMode_setFilterLevel__E)
                  0000458e    00000002     ti.uia.loggers.aem4f : LoggerStopMode.oem4f (.text:ti_uia_loggers_LoggerStopMode_setPriority__E)
                  00004590    00000090     sysbios.aem4f : BIOS.obj (.text:ti_sysbios_knl_Task_Module_startup__E)
                  00004620    00000090                   : BIOS.obj (.text:ti_sysbios_utils_Load_startup__E)
                  000046b0    00000090     ti.uia.loggers.aem4f : LoggerStopMode.oem4f (.text:ti_uia_loggers_LoggerStopMode_initQueueDescriptor__E)
                  00004740    0000008c     sysbios.aem4f : m3_TaskSupport_asm.obj (.text:ti_sysbios_family_arm_m3_TaskSupport_buildTaskStack)
                  000047cc    0000007a     driverlib.lib : adc.obj (.text:ADCSequenceStepConfigure)
                  00004846    0000007a     rtsv7M4_T_le_v4SPD16_eabi.lib : memset_t2.obj (.text)
                  000048c0    00000074     ti.uia.runtime.aem4f : QueueDescriptor.oem4f (.text:ti_uia_runtime_QueueDescriptor_addToList__E)
                  00004934    0000006d     ti.targets.arm.rtsarm.aem4f : System.oem4f (.text:xdc_runtime_System_formatNum__I)
                  000049a1    00000001     --HOLE-- [fill = 0]
                  000049a2    00000006     driverlib.lib : gpio.obj (.text:GPIOPinWrite)
                  000049a8    0000006c     sysbios.aem4f : BIOS.obj (.text:ti_sysbios_knl_Swi_restoreHwi__E)
                  00004a14    00000002     empty_pem4f.oem4f (.text:xdc_runtime_Startup_reset__I)
                  00004a16    00000002     --HOLE-- [fill = 0]
                  00004a18    0000006c     sysbios.aem4f : BIOS.obj (.text:ti_sysbios_utils_Load_taskCreateHook__E)
                  00004a84    0000006c     ti.targets.arm.rtsarm.aem4f : Error.oem4f (.text:xdc_runtime_Error_print__E)
                  00004af0    0000006c                                 : Memory.oem4f (.text:xdc_runtime_Memory_alloc__E)
                  00004b5c    0000006a     rtsv7M4_T_le_v4SPD16_eabi.lib : copy_decompress_rle.obj (.text)
                  00004bc6    00000002     --HOLE-- [fill = 0]
                  00004bc8    00000068                                   : trgmsg.obj (.text)
                  00004c30    00000068     sysbios.aem4f : BIOS.obj (.text:ti_sysbios_utils_Load_addTask__E)
                  00004c98    00000066     ti.uia.loggers.aem4f : LoggerStopMode.oem4f (.text:ti_uia_loggers_LoggerStopMode_flush__E)
                  00004cfe    00000066     ti.targets.arm.rtsarm.aem4f : Core-mem.oem4f (.text:xdc_runtime_Core_deleteObject__I)
                  00004d64    00000004     --HOLE-- [fill = 0]
                  00004d68    00000064     sysbios.aem4f : BIOS.obj (.text:ti_sysbios_family_arm_lm4_Timer_Module_startup__E)
                  00004dcc    00000060     uartFunctions.obj (.text:printInstructions)
                  00004e2c    00000004     --HOLE-- [fill = 0]
                  00004e30    00000060     sysbios.aem4f : BIOS.obj (.text:ti_sysbios_family_arm_lm4_Timer_isrStub__E)
                  00004e90    00000060                   : BIOS.obj (.text:ti_sysbios_knl_Clock_logTick__E)
                  00004ef0    00000060                   : BIOS.obj (.text:ti_sysbios_utils_Load_logCPULoad__I)
                  00004f50    00000060                   : BIOS.obj (.text:ti_sysbios_utils_Load_updateCurrentThreadTime__E)
                  00004fb0    0000005c     initialiseProject.obj (.text:ConfigureADC)
                  0000500c    00000004     --HOLE-- [fill = 0]
                  00005010    0000005c     sysbios.aem4f : BIOS.obj (.text:ti_sysbios_knl_Swi_schedule__I)
                  0000506c    0000005b     ti.targets.arm.rtsarm.aem4f : Text.oem4f (.text:xdc_runtime_Text_putLab__E)
                  000050c7    00000001     --HOLE-- [fill = 0]
                  000050c8    00000058     boot.aem4f : boot.oem4f (.text)
                  00005120    00000058     initialiseProject.obj (.text:ConfigurePWM)
                  00005178    00000058     rtsv7M4_T_le_v4SPD16_eabi.lib : hostwrite.obj (.text)
                  000051d0    00000058     sysbios.aem4f : m3_Hwi_asm_switch.obj (.text:ti_sysbios_family_arm_m3_Hwi_initStacks__E)
                  00005228    00000054     rtsv7M4_T_le_v4SPD16_eabi.lib : exit.obj (.text)
                  0000527c    00000004     --HOLE-- [fill = 0]
                  00005280    00000054     sysbios.aem4f : BIOS.obj (.text:ti_sysbios_utils_Load_taskSwitchHook__E)
                  000052d4    00000054     ti.targets.arm.rtsarm.aem4f : Assert.oem4f (.text:xdc_runtime_Assert_raise__I)
                  00005328    00000050                                 : Startup.oem4f (.text:xdc_runtime_Startup_exec__E)
                  00005378    00000050                                 : Text.oem4f (.text:xdc_runtime_Text_visitRope2__I)
                  000053c8    0000004c     initialiseProject.obj (.text:ConfigureSerialPC)
                  00005414    0000004c     rtsv7M4_T_le_v4SPD16_eabi.lib : cpy_tbl.obj (.text)
                  00005460    0000004c     sysbios.aem4f : BIOS.obj (.text:ti_sysbios_heaps_HeapMem_getStats__E)
                  000054ac    00000004     --HOLE-- [fill = 0]
                  000054b0    0000004c                   : BIOS.obj (.text:ti_sysbios_knl_Swi_runLoop__I)
                  000054fc    00000004     --HOLE-- [fill = 0]
                  00005500    0000004c                   : BIOS.obj (.text:ti_sysbios_knl_Task_allBlockedFunction__I)
                  0000554c    0000004c     ti.uia.loggers.aem4f : LoggerStopMode.oem4f (.text:ti_uia_loggers_LoggerStopMode_Module_startup__E)
                  00005598    00000048     driverlib.lib : gpio.obj (.text:GPIOPinConfigure)
                  000055e0    00000048     sysbios.aem4f : BIOS.obj (.text:ti_sysbios_family_arm_m3_Hwi_disableInterrupt__E)
                  00005628    00000048                   : BIOS.obj (.text:ti_sysbios_family_arm_m3_Hwi_enableInterrupt__E)
                  00005670    00000048                   : BIOS.obj (.text:ti_sysbios_family_arm_m3_Hwi_excReserved__I)
                  000056b8    00000048                   : BIOS.obj (.text:ti_sysbios_utils_Load_taskDeleteHook__E)
                  00005700    00000046     ti.targets.arm.rtsarm.aem4f : Core-params.oem4f (.text:xdc_runtime_Core_assignParams__I)
                  00005746    00000044     uartFunctions.obj (.text:reverse)
                  0000578a    00000006     driverlib.lib : sysctl.obj (.text:SysCtlDelay)
                  00005790    00000044     sysbios.aem4f : BIOS.obj (.text:ti_sysbios_family_arm_lm4_Timer_stop__E)
                  000057d4    00000004     --HOLE-- [fill = 0]
                  000057d8    00000044                   : BIOS.obj (.text:ti_sysbios_family_arm_m3_Hwi_getStackInfo__E)
                  0000581c    00000004     --HOLE-- [fill = 0]
                  00005820    00000044                   : BIOS.obj (.text:ti_sysbios_utils_Load_removeTask__E)
                  00005864    00000044     ti.uia.loggers.aem4f : LoggerStopMode.oem4f (.text:ti_uia_loggers_LoggerStopMode_initBuffer__I)
                  000058a8    00000044     ti.targets.arm.rtsarm.aem4f : Error.oem4f (.text:xdc_runtime_Error_setX__E)
                  000058ec    00000044                                 : SysMin.oem4f (.text:xdc_runtime_SysMin_flush__E)
                  00005930    00000044                                 : Text.oem4f (.text:xdc_runtime_Text_xprintf__I)
                  00005974    00000042     driverlib.lib : uart.obj (.text:UARTConfigSetExpClk)
                  000059b6    00000040     rtsv7M4_T_le_v4SPD16_eabi.lib : u_divt2.obj (.text)
                  000059f6    00000002     --HOLE-- [fill = 0]
                  000059f8    00000040     sysbios.aem4f : BIOS.obj (.text:ti_sysbios_family_arm_lm4_Timer_startup__E)
                  00005a38    0000003e     driverlib.lib : adc.obj (.text:ADCSequenceConfigure)
                  00005a76    00000002     --HOLE-- [fill = 0]
                  00005a78    0000003c     sysbios.aem4f : BIOS.obj (.text:ti_sysbios_family_arm_m3_Hwi_excSvCall__I)
                  00005ab4    00000004     --HOLE-- [fill = 0]
                  00005ab8    0000003c                   : BIOS.obj (.text:ti_sysbios_heaps_HeapMem_init__I)
                  00005af4    00000004     --HOLE-- [fill = 0]
                  00005af8    0000003c                   : BIOS.obj (.text:ti_sysbios_knl_Swi_restore__E)
                  00005b34    00000038     driverlib.lib : sysctl.obj (.text:SysCtlPeripheralReady)
                  00005b6c    00000004     --HOLE-- [fill = 0]
                  00005b70    00000038     sysbios.aem4f : BIOS.obj (.text:ti_sysbios_family_arm_m3_Hwi_excNoIsr__I)
                  00005ba8    00000038                   : BIOS.obj (.text:ti_sysbios_knl_Task_processVitalTaskFlag__I)
                  00005be0    00000038     ti.targets.arm.rtsarm.aem4f : SysMin.oem4f (.text:xdc_runtime_SysMin_putch__E)
                  00005c18    00000038                                 : System.oem4f (.text:xdc_runtime_System_atexit__E)
                  00005c50    00000034     driverlib.lib : sysctl.obj (.text:SysCtlPeripheralEnable)
                  00005c84    00000034     adcFunctions.obj (.text:readDistance)
                  00005cb8    00000034     sysbios.aem4f : BIOS.obj (.text:ti_sysbios_family_arm_m3_Hwi_excNmi__I)
                  00005cec    00000004     --HOLE-- [fill = 0]
                  00005cf0    00000034                   : BIOS.obj (.text:ti_sysbios_hal_Hwi_checkStack)
                  00005d24    00000034     ti.uia.loggers.aem4f : LoggerStopMode.oem4f (.text:ti_uia_loggers_LoggerStopMode_reset__E)
                  00005d58    00000034     ti.targets.arm.rtsarm.aem4f : Core-label.oem4f (.text:xdc_runtime_Core_assignLabel__I)
                  00005d8c    00000033                                 : Text.oem4f (.text:xdc_runtime_Text_printVisFxn__I)
                  00005dbf    00000001     --HOLE-- [fill = 0]
                  00005dc0    00000032     sysbios.aem4f : BIOS.obj (.text:ti_sysbios_hal_Hwi_initStack)
                  00005df2    00000006     rtsv7M4_T_le_v4SPD16_eabi.lib : copy_decompress_rle.obj (.text:decompress:rle24)
                  00005df8    00000032     sysbios.aem4f : BIOS.obj (.text:ti_sysbios_knl_Semaphore_pendTimeout__I)
                  00005e2a    00000002     --HOLE-- [fill = 0]
                  00005e2c    00000030     empty_pem4f.oem4f (.text:ti_sysbios_BIOS_atExitFunc__I)
                  00005e5c    00000004     --HOLE-- [fill = 0]
                  00005e60    00000030     sysbios.aem4f : BIOS.obj (.text:ti_sysbios_family_arm_m3_TaskSupport_start__E)
                  00005e90    00000030     empty_pem4f.oem4f (.text:ti_sysbios_gates_GateHwi_Object__create__S)
                  00005ec0    00000030     empty_pem4f.oem4f (.text:ti_sysbios_gates_GateMutex_Object__create__S)
                  00005ef0    00000030     empty_pem4f.oem4f (.text:ti_sysbios_heaps_HeapMem_Object__create__S)
                  00005f20    00000030     empty_pem4f.oem4f (.text:ti_sysbios_knl_Semaphore_construct)
                  00005f50    00000030     empty_pem4f.oem4f (.text:ti_uia_loggers_LoggerStopMode_Object__create__S)
                  00005f80    00000030     ti.targets.arm.rtsarm.aem4f : SysMin.oem4f (.text:xdc_runtime_SysMin_abort__E)
                  00005fb0    00000030                                 : System.oem4f (.text:xdc_runtime_System_processAtExit__E)
                  00005fe0    0000002e     driverlib.lib : adc.obj (.text:ADCIntStatus)
                  0000600e    00000002     --HOLE-- [fill = 0]
                  00006010    0000002c     empty_pem4f.oem4f (.text:ti_sysbios_knl_Clock_doTick__I)
                  0000603c    0000002c     empty_pem4f.oem4f (.text:ti_sysbios_knl_Queue_construct)
                  00006068    0000002c     sysbios.aem4f : BIOS.obj (.text:ti_sysbios_knl_Task_restore__E)
                  00006094    0000002c     ti.targets.arm.rtsarm.aem4f : Text.oem4f (.text:xdc_runtime_Text_cordText__E)
                  000060c0    0000002a     driverlib.lib : gpio.obj (.text:GPIODirModeSet)
                  000060ea    0000002a     ti.targets.arm.rtsarm.aem4f : System.oem4f (.text:xdc_runtime_System_putchar__I)
                  00006114    00000028     empty_pem4f.oem4f (.text:ti_sysbios_BIOS_startFunc__I)
                  0000613c    00000004     --HOLE-- [fill = 0]
                  00006140    00000028     sysbios.aem4f : BIOS.obj (.text:ti_sysbios_knl_Swi_Module_startup__E)
                  00006168    00000028     uartFunctions.obj (.text:writeStringToUart5)
                  00006190    00000026     sysbios.aem4f : m3_Hwi_asm.obj (.text:ti_sysbios_family_arm_m3_Hwi_pendSV__I)
                  000061b6    00000026     ti.targets.arm.rtsarm.aem4f : System.oem4f (.text:xdc_runtime_System_avprintf__E)
                  000061dc    00000024     initialiseProject.obj (.text:ConfigureOnboardLED)
                  00006200    00000024     initialiseProject.obj (.text:setUp)
                  00006224    00000024     uartFunctions.obj (.text:swap)
                  00006248    00000024     empty_pem4f.oem4f (.text:ti_sysbios_BIOS_registerRTSLock__I)
                  0000626c    00000024     empty_pem4f.oem4f (.text:ti_sysbios_BIOS_removeRTSLock__I)
                  00006290    00000024     sysbios.aem4f : BIOS.obj (.text:ti_sysbios_family_arm_m3_Hwi_doTaskRestore__I)
                  000062b4    00000024     empty_pem4f.oem4f (.text:ti_sysbios_gates_GateMutex_Object__delete__S)
                  000062d8    00000024     sysbios.aem4f : BIOS.obj (.text:ti_sysbios_knl_Clock_Module_startup__E)
                  000062fc    00000024     ti.targets.arm.rtsarm.aem4f : System.oem4f (.text:xdc_runtime_System_vprintf__E)
                  00006320    00000022     driverlib.lib : pwm.obj (.text:PWMGenConfigure)
                  00006342    00000006     Boot.aem4f : Boot_sysctl.oem4f (.text:ti_catalog_arm_cortexm4_tiva_ce_Boot_sysCtlDelayI__I)
                  00006348    00000022     sysbios.aem4f : BIOS.obj (.text:ti_sysbios_family_arm_lm4_Timer_write__I)
                  0000636a    00000022     empty_pem4f.oem4f (.text:xdc_runtime_SysMin_output__I)
                  0000638c    00000020     empty_pem4f.oem4f (.text:ti_sysbios_BIOS_rtsLock__I)
                  000063ac    00000020     sysbios.aem4f : m3_Hwi_asm.obj (.text:ti_sysbios_family_arm_m3_Hwi_excHandlerAsm__I)
                  000063cc    00000004     --HOLE-- [fill = 0]
                  000063d0    00000020                   : BIOS.obj (.text:ti_sysbios_family_arm_m3_Hwi_excHandler__I)
                  000063f0    00000020     empty_pem4f.oem4f (.text:ti_sysbios_gates_GateHwi_Object__delete__S)
                  00006410    00000020     empty_pem4f.oem4f (.text:ti_sysbios_heaps_HeapMem_Object__delete__S)
                  00006430    00000020     sysbios.aem4f : BIOS.obj (.text:ti_sysbios_knl_Idle_run__E)
                  00006450    00000020     empty_pem4f.oem4f (.text:ti_sysbios_knl_Semaphore_Object__destruct__S)
                  00006470    00000020     empty_pem4f.oem4f (.text:ti_uia_loggers_LoggerStopMode_Object__delete__S)
                  00006490    00000020     uartFunctions.obj (.text:writeCharToUart5)
                  000064b0    00000020     ti.targets.arm.rtsarm.aem4f : Registry.oem4f (.text:xdc_runtime_Registry_findById__E)
                  000064d0    00000020                                 : SysMin.oem4f (.text:xdc_runtime_SysMin_Module_startup__E)
                  000064f0    0000001e     driverlib.lib : adc.obj (.text:ADCSequenceDataGet)
                  0000650e    0000001e                   : pwm.obj (.text:PWMPulseWidthSet)
                  0000652c    0000001e     empty_pem4f.oem4f (.text:ti_sysbios_BIOS_errorRaiseHook__I)
                  0000654a    0000001e     sysbios.aem4f : m3_Hwi_asm_switch.obj (.text:ti_sysbios_family_xxx_Hwi_switchAndRunFunc)
                  00006568    0000001c     tivaCbluetooth.obj (.text:UART5_ISR)
                  00006584    0000001c     driverlib.lib : uart.obj (.text:UARTDisable)
                  000065a0    0000001c     sysbios.aem4f : BIOS.obj (.text:ti_sysbios_gates_GateMutex_Instance_init__E)
                  000065bc    0000001c     empty_pem4f.oem4f (.text:ti_sysbios_knl_Queue_Object__destruct__S)
                  000065d8    0000001c     sysbios.aem4f : BIOS.obj (.text:ti_sysbios_knl_Task_enter__I)
                  000065f4    0000001c     ti.uia.loggers.aem4f : LoggerStopMode.oem4f (.text:ti_uia_loggers_LoggerStopMode_Instance_init__E)
                  00006610    0000001c     ti.targets.arm.rtsarm.aem4f : Error.oem4f (.text:xdc_runtime_Error_raiseX__E)
                  0000662c    0000001c                                 : Memory.oem4f (.text:xdc_runtime_Memory_valloc__E)
                  00006648    0000001c                                 : SysMin.oem4f (.text:xdc_runtime_SysMin_exit__E)
                  00006664    0000001c                                 : System.oem4f (.text:xdc_runtime_System_abort__E)
                  00006680    0000001a     empty_pem4f.oem4f (.text:ti_sysbios_family_arm_m3_Hwi_Handle__label__S)
                  0000669a    0000001a     empty_pem4f.oem4f (.text:ti_sysbios_gates_GateHwi_Handle__label__S)
                  000066b4    0000001a     empty_pem4f.oem4f (.text:ti_sysbios_gates_GateMutex_Handle__label__S)
                  000066ce    0000001a     empty_pem4f.oem4f (.text:ti_sysbios_heaps_HeapMem_Handle__label__S)
                  000066e8    0000001a     empty_pem4f.oem4f (.text:ti_sysbios_knl_Swi_Handle__label__S)
                  00006702    0000001a     empty_pem4f.oem4f (.text:ti_sysbios_knl_Task_Handle__label__S)
                  0000671c    0000001a     empty_pem4f.oem4f (.text:ti_uia_loggers_LoggerStopMode_Handle__label__S)
                  00006736    0000001a     empty_pem4f.oem4f (.text:xdc_runtime_System_aprintf__E)
                  00006750    0000001a     empty_pem4f.oem4f (.text:xdc_runtime_System_printf__E)
                  0000676a    00000018     driverlib.lib : adc.obj (.text:ADCProcessorTrigger)
                  00006782    00000018                   : gpio.obj (.text:GPIOPinTypeGPIOOutput)
                  0000679a    00000002     --HOLE-- [fill = 0]
                  0000679c    00000018     rtsv7M4_T_le_v4SPD16_eabi.lib : args_main.obj (.text)
                  000067b4    00000018                                   : strcmp.obj (.text)
                  000067cc    00000018     empty_pem4f.oem4f (.text:ti_sysbios_BIOS_rtsUnlock__I)
                  000067e4    00000018     empty_pem4f.oem4f (.text:ti_sysbios_family_arm_lm4_Timer_Module__startupDone__F)
                  000067fc    00000018     empty_pem4f.oem4f (.text:ti_sysbios_family_arm_m3_Hwi_Module__startupDone__F)
                  00006814    00000018     sysbios.aem4f : m3_TaskSupport_asm.obj (.text:ti_sysbios_family_arm_m3_TaskSupport_swap__E)
                  0000682c    00000004     --HOLE-- [fill = 0]
                  00006830    00000018                   : BIOS.obj (.text:ti_sysbios_gates_GateMutex_leave__E)
                  00006848    00000018     ti.targets.arm.rtsarm.aem4f : Error.oem4f (.text:xdc_runtime_Error_check__E)
                  00006860    00000018                                 : System.oem4f (.text:xdc_runtime_System_exit__E)
                  00006878    00000018                                 : Text.oem4f (.text:xdc_runtime_Text_ropeText__E)
                  00006890    00000016     empty_pem4f.oem4f (.text:ti_sysbios_BIOS_exitFunc__I)
                  000068a6    00000016     ti.uia.loggers.aem4f : LoggerStopMode.oem4f (.text:ti_uia_loggers_LoggerStopMode_disable__E)
                  000068bc    00000016                          : LoggerStopMode.oem4f (.text:ti_uia_loggers_LoggerStopMode_enable__E)
                  000068d2    00000002     --HOLE-- [fill = 0]
                  000068d4    00000014     driverlib.lib : sysctl.obj (.text:SysCtlPWMClockSet)
                  000068e8    00000014                   : uart.obj (.text:UARTEnable)
                  000068fc    00000014     rtsv7M4_T_le_v4SPD16_eabi.lib : _lock.obj (.text)
                  00006910    00000014                                   : strlen.obj (.text)
                  00006924    00000014     empty_pem4f.oem4f (.text:ti_sysbios_family_arm_m3_Hwi_Object__get__S)
                  00006938    00000014     sysbios.aem4f : BIOS.obj (.text:ti_sysbios_family_arm_m3_Hwi_switchFromBootStack__E)
                  0000694c    00000014     empty_pem4f.oem4f (.text:ti_sysbios_heaps_HeapMem_Object__get__S)
                  00006960    00000014     empty_pem4f.oem4f (.text:ti_sysbios_knl_Swi_Object__get__S)
                  00006974    00000014     empty_pem4f.oem4f (.text:ti_sysbios_knl_Task_Object__get__S)
                  00006988    00000012     driverlib.lib : gpio.obj (.text:GPIOPinTypeADC)
                  0000699a    00000012                   : gpio.obj (.text:GPIOPinTypePWM)
                  000069ac    00000012                   : gpio.obj (.text:GPIOPinTypeUART)
                  000069be    00000012                   : pwm.obj (.text:PWMOutputState)
                  000069d0    00000012     sysbios.aem4f : BIOS.obj (.text:ti_sysbios_hal_Hwi_Module_startup__E)
                  000069e2    00000012     empty_pem4f.oem4f (.text:xdc_runtime_Startup_exec__I)
                  000069f4    00000010     driverlib.lib : pwm.obj (.text:PWMGenPeriodSet)
                  00006a04    00000004     --HOLE-- [fill = 0]
                  00006a08    00000010     sysbios.aem4f : BIOS.obj (.text:ti_sysbios_BIOS_getCpuFreq__E)
                  00006a18    00000010                   : BIOS.obj (.text:ti_sysbios_BIOS_setThreadType__E)
                  00006a28    00000010                   : BIOS.obj (.text:ti_sysbios_BIOS_start__E)
                  00006a38    00000010                   : BIOS.obj (.text:ti_sysbios_family_arm_lm4_TimestampProvider_rolloverFunc__E)
                  00006a48    00000010                   : m3_TaskSupport_asm.obj (.text:ti_sysbios_family_arm_m3_TaskSupport_glue)
                  00006a58    00000010                   : BIOS.obj (.text:ti_sysbios_gates_GateMutex_Instance_finalize__E)
                  00006a68    00000010                   : BIOS.obj (.text:ti_sysbios_knl_Semaphore_Instance_finalize__E)
                  00006a78    00000010                   : BIOS.obj (.text:ti_sysbios_knl_Swi_disable__E)
                  00006a88    00000010                   : BIOS.obj (.text:ti_sysbios_knl_Task_disable__E)
                  00006a98    00000010     empty_pem4f.oem4f (.text:ti_uia_loggers_LoggerStopMode_Object__get__S)
                  00006aa8    00000010     ti.uia.loggers.aem4f : LoggerStopMode.oem4f (.text:ti_uia_loggers_LoggerStopMode_isEmpty__E)
                  00006ab8    00000010     ti.targets.arm.rtsarm.aem4f : Gate.oem4f (.text:xdc_runtime_Gate_leaveSystem__E)
                  00006ac8    00000010                                 : Memory.oem4f (.text:xdc_runtime_Memory_free__E)
                  00006ad8    00000010                                 : SysMin.oem4f (.text:xdc_runtime_SysMin_ready__E)
                  00006ae8    00000010                                 : System.oem4f (.text:xdc_runtime_System_vsnprintf__E)
                  00006af8    00000010     empty_pem4f.oem4f (.text:xdc_runtime_Text_visitRope__I)
                  00006b08    0000000e     driverlib.lib : adc.obj (.text:ADCSequenceEnable)
                  00006b16    0000000e                   : uart.obj (.text:UARTCharGetNonBlocking)
                  00006b24    0000000e                   : uart.obj (.text:UARTCharPutNonBlocking)
                  00006b32    0000000e     rtsv7M4_T_le_v4SPD16_eabi.lib : copy_decompress_none.obj (.text:decompress:none)
                  00006b40    0000000e     tivaCbluetooth.obj (.text:main)
                  00006b4e    00000002     --HOLE-- [fill = 0]
                  00006b50    0000000e     sysbios.aem4f : BIOS.obj (.text:ti_sysbios_knl_Idle_loop__E)
                  00006b5e    00000002     --HOLE-- [fill = 0]
                  00006b60    0000000e                   : BIOS.obj (.text:ti_sysbios_knl_Queue_empty__E)
                  00006b6e    00000002     --HOLE-- [fill = 0]
                  00006b70    0000000c     empty_pem4f.oem4f (.text:.bootCodeSection:ti_catalog_arm_cortexm4_tiva_ce_Boot_init__I)
                  00006b7c    0000000c     driverlib.lib : pwm.obj (.text:PWMGenDisable)
                  00006b88    0000000c                   : pwm.obj (.text:PWMGenEnable)
                  00006b94    0000000c                   : uart.obj (.text:UARTCharsAvail)
                  00006ba0    0000000c                   : uart.obj (.text:UARTSpaceAvail)
                  00006bac    00000004     --HOLE-- [fill = 0]
                  00006bb0    0000000c     sysbios.aem4f : BIOS.obj (.text:ti_sysbios_family_arm_lm4_Timer_getMaxTicks__E)
                  00006bbc    00000004     --HOLE-- [fill = 0]
                  00006bc0    0000000c                   : BIOS.obj (.text:ti_sysbios_family_arm_lm4_TimestampProvider_startTimer__E)
                  00006bcc    00000004     --HOLE-- [fill = 0]
                  00006bd0    0000000c                   : BIOS.obj (.text:ti_sysbios_family_arm_m3_Hwi_disableFxn__E)
                  00006bdc    00000004     --HOLE-- [fill = 0]
                  00006be0    0000000c                   : BIOS.obj (.text:ti_sysbios_family_arm_m3_TaskSupport_checkStack__E)
                  00006bec    00000004     --HOLE-- [fill = 0]
                  00006bf0    0000000c                   : BIOS.obj (.text:ti_sysbios_gates_GateHwi_enter__E)
                  00006bfc    0000000c     empty_pem4f.oem4f (.text:ti_sysbios_knl_Queue_Object__get__S)
                  00006c08    0000000c     sysbios.aem4f : BIOS.obj (.text:ti_sysbios_utils_Load_taskRegHook__E)
                  00006c14    0000000c     ti.targets.arm.rtsarm.aem4f : Error.oem4f (.text:xdc_runtime_Error_init__E)
                  00006c20    0000000c                                 : Gate.oem4f (.text:xdc_runtime_Gate_enterSystem__E)
                  00006c2c    0000000c                                 : Memory.oem4f (.text:xdc_runtime_Memory_calloc__E)
                  00006c38    0000000c                                 : Memory.oem4f (.text:xdc_runtime_Memory_getMaxDefaultTypeAlign__E)
                  00006c44    0000000a     driverlib.lib : adc.obj (.text:ADCIntClear)
                  00006c4e    0000000a                   : uart.obj (.text:UARTFIFODisable)
                  00006c58    0000000a     empty_pem4f.oem4f (.text:xdc_runtime_IHeap_alloc)
                  00006c62    0000000a     empty_pem4f.oem4f (.text:xdc_runtime_IHeap_free)
                  00006c6c    00000008     driverlib.lib : uart.obj (.text:UARTIntEnable)
                  00006c74    00000008     sysbios.aem4f : BIOS.obj (.text:ti_sysbios_family_arm_lm4_Timer_masterDisable__I)
                  00006c7c    00000004     --HOLE-- [fill = 0]
                  00006c80    00000008                   : BIOS.obj (.text:ti_sysbios_family_arm_m3_Hwi_doSwiRestore__I)
                  00006c88    00000008                   : BIOS.obj (.text:ti_sysbios_family_arm_m3_Hwi_startup__E)
                  00006c90    00000006                   : BIOS.obj (.text:ti_sysbios_family_arm_lm4_TimestampProvider_Module_startup__E)
                  00006c96    00000002     --HOLE-- [fill = 0]
                  00006c98    00000006                   : BIOS.obj (.text:ti_sysbios_family_arm_m3_Hwi_restoreFxn__E)
                  00006c9e    00000002     --HOLE-- [fill = 0]
                  00006ca0    00000006                   : BIOS.obj (.text:ti_sysbios_gates_GateHwi_leave__E)
                  00006ca6    00000002     --HOLE-- [fill = 0]
                  00006ca8    00000006                   : BIOS.obj (.text:ti_sysbios_heaps_HeapMem_isBlocking__E)
                  00006cae    00000002     --HOLE-- [fill = 0]
                  00006cb0    00000006                   : BIOS.obj (.text:ti_sysbios_knl_Queue_Instance_init__E)
                  00006cb6    00000002     --HOLE-- [fill = 0]
                  00006cb8    00000006                   : BIOS.obj (.text:ti_sysbios_knl_Swi_startup__E)
                  00006cbe    00000006     ti.targets.arm.rtsarm.aem4f : System.oem4f (.text:xdc_runtime_System_Module_startup__E)
                  00006cc4    00000004     --HOLE-- [fill = 0]
                  00006cc8    00000004     sysbios.aem4f : BIOS.obj (.text:ti_sysbios_family_arm_lm4_Timer_getPeriod__E)
                  00006ccc    00000004     --HOLE-- [fill = 0]
                  00006cd0    00000004                   : BIOS.obj (.text:ti_sysbios_gates_GateHwi_query__E)
                  00006cd4    00000004     --HOLE-- [fill = 0]
                  00006cd8    00000004                   : BIOS.obj (.text:ti_sysbios_gates_GateMutex_query__E)
                  00006cdc    00000004     --HOLE-- [fill = 0]
                  00006ce0    00000004                   : BIOS.obj (.text:ti_sysbios_knl_Task_startup__E)
                  00006ce4    00000004     --HOLE-- [fill = 0]
                  00006ce8    00000002                   : BIOS.obj (.text:ti_sysbios_gates_GateHwi_Instance_init__E)

.const     0    00006cec    00002800     
                  00006cec    00001fab     empty_pem4f.oem4f (.const:xdc_runtime_Text_charTab__A)
                  00008c97    00000001     empty_pem4f.oem4f (.const:xdc_runtime_Error_policy__C)
                  00008c98    00000100     empty_pem4f.oem4f (.const:xdc_runtime_Text_nodeTab__A)
                  00008d98    00000090     driverlib.lib : gpio.obj (.const:g_pui32GPIOBaseAddrs)
                  00008e28    00000088     tivaCbluetooth.obj (.const:.string)
                  00008eb0    0000006c     driverlib.lib : sysctl.obj (.const:g_pui32Xtals)
                  00008f1c    00000060     empty_pem4f.oem4f (.const:ti_uia_loggers_LoggerStopMode_Module__FXNS__C)
                  00008f7c    00000048     empty_pem4f.oem4f (.const:.string)
                  00008fc4    00000028     empty_pem4f.oem4f (.const:ti_sysbios_heaps_HeapMem_Module__FXNS__C)
                  00008fec    00000028     empty_pem4f.oem4f (.const:ti_uia_loggers_LoggerStopMode_Object__PARAMS__C)
                  00009014    00000028     empty_pem4f.oem4f (.const:xdc_runtime_Startup_sfxnTab__A)
                  0000903c    00000024     empty_pem4f.oem4f (.const:ti_sysbios_gates_GateHwi_Module__FXNS__C)
                  00009060    00000024     empty_pem4f.oem4f (.const:ti_sysbios_gates_GateMutex_Module__FXNS__C)
                  00009084    00000024     empty_pem4f.oem4f (.const:ti_sysbios_heaps_HeapMem_Object__PARAMS__C)
                  000090a8    00000024     empty_pem4f.oem4f (.const:ti_sysbios_knl_Semaphore_Object__PARAMS__C)
                  000090cc    00000020     empty_pem4f.oem4f (.const:ti_sysbios_gates_GateHwi_Object__DESC__C)
                  000090ec    00000020     empty_pem4f.oem4f (.const:ti_sysbios_gates_GateMutex_Object__DESC__C)
                  0000910c    00000020     empty_pem4f.oem4f (.const:ti_sysbios_heaps_HeapMem_Object__DESC__C)
                  0000912c    00000020     empty_pem4f.oem4f (.const:ti_sysbios_knl_Queue_Object__DESC__C)
                  0000914c    00000020     empty_pem4f.oem4f (.const:ti_sysbios_knl_Semaphore_Object__DESC__C)
                  0000916c    00000020     empty_pem4f.oem4f (.const:ti_uia_loggers_LoggerStopMode_Object__DESC__C)
                  0000918c    00000018     empty_pem4f.oem4f (.const:ti_sysbios_gates_GateHwi_Object__PARAMS__C)
                  000091a4    00000018     empty_pem4f.oem4f (.const:ti_sysbios_gates_GateMutex_Object__PARAMS__C)
                  000091bc    00000018     empty_pem4f.oem4f (.const:ti_sysbios_knl_Queue_Object__PARAMS__C)
                  000091d4    00000018     empty_pem4f.oem4f (.const:ti_sysbios_knl_Task_hooks__A)
                  000091ec    00000014     empty_pem4f.oem4f (.const:xdc_runtime_Startup_firstFxns__A)
                  00009200    00000014     empty_pem4f.oem4f (.const:xdc_runtime_Startup_sfxnRts__A)
                  00009214    00000008     empty_pem4f.oem4f (.const)
                  0000921c    00000008     empty_pem4f.oem4f (.const:ti_sysbios_family_arm_m3_Hwi_excHookFuncs__A)
                  00009224    00000008     empty_pem4f.oem4f (.const:ti_sysbios_knl_Idle_funcList__A)
                  0000922c    00000008     empty_pem4f.oem4f (.const:ti_sysbios_knl_Idle_funcList__C)
                  00009234    00000008     empty_pem4f.oem4f (.const:ti_sysbios_knl_Task_hooks__C)
                  0000923c    00000008     empty_pem4f.oem4f (.const:xdc_runtime_Startup_firstFxns__C)
                  00009244    00000008     empty_pem4f.oem4f (.const:xdc_runtime_Startup_lastFxns__C)
                  0000924c    00000004     empty_pem4f.oem4f (.const:ti_catalog_arm_cortexm4_tiva_ce_Boot_A_mustUseEnhancedClockMode__C)
                  00009250    00000004     empty_pem4f.oem4f (.const:ti_catalog_arm_cortexm4_tiva_ce_Boot_Module__diagsEnabled__C)
                  00009254    00000004     empty_pem4f.oem4f (.const:ti_catalog_arm_cortexm4_tiva_ce_Boot_Module__diagsIncluded__C)
                  00009258    00000004     empty_pem4f.oem4f (.const:ti_catalog_arm_cortexm4_tiva_ce_Boot_Module__diagsMask__C)
                  0000925c    00000004     empty_pem4f.oem4f (.const:ti_sysbios_family_arm_lm4_Timer_enableFunc__C)
                  00009260    00000004     empty_pem4f.oem4f (.const:ti_sysbios_family_arm_lm4_Timer_numTimerDevices__C)
                  00009264    00000004     empty_pem4f.oem4f (.const:ti_sysbios_family_arm_lm4_Timer_startupNeeded__C)
                  00009268    00000004     empty_pem4f.oem4f (.const:ti_sysbios_family_arm_m3_Hwi_E_NMI__C)
                  0000926c    00000004     empty_pem4f.oem4f (.const:ti_sysbios_family_arm_m3_Hwi_E_busFault__C)
                  00009270    00000004     empty_pem4f.oem4f (.const:ti_sysbios_family_arm_m3_Hwi_E_debugMon__C)
                  00009274    00000004     empty_pem4f.oem4f (.const:ti_sysbios_family_arm_m3_Hwi_E_hardFault__C)
                  00009278    00000004     empty_pem4f.oem4f (.const:ti_sysbios_family_arm_m3_Hwi_E_memFault__C)
                  0000927c    00000004     empty_pem4f.oem4f (.const:ti_sysbios_family_arm_m3_Hwi_E_noIsr__C)
                  00009280    00000004     empty_pem4f.oem4f (.const:ti_sysbios_family_arm_m3_Hwi_E_reserved__C)
                  00009284    00000004     empty_pem4f.oem4f (.const:ti_sysbios_family_arm_m3_Hwi_E_svCall__C)
                  00009288    00000004     empty_pem4f.oem4f (.const:ti_sysbios_family_arm_m3_Hwi_E_usageFault__C)
                  0000928c    00000004     empty_pem4f.oem4f (.const:ti_sysbios_family_arm_m3_Hwi_LD_end__C)
                  00009290    00000004     empty_pem4f.oem4f (.const:ti_sysbios_family_arm_m3_Hwi_LM_begin__C)
                  00009294    00000004     empty_pem4f.oem4f (.const:ti_sysbios_family_arm_m3_Hwi_Module__diagsEnabled__C)
                  00009298    00000004     empty_pem4f.oem4f (.const:ti_sysbios_family_arm_m3_Hwi_Module__diagsIncluded__C)
                  0000929c    00000004     empty_pem4f.oem4f (.const:ti_sysbios_family_arm_m3_Hwi_Module__diagsMask__C)
                  000092a0    00000004     empty_pem4f.oem4f (.const:ti_sysbios_family_arm_m3_Hwi_Module__loggerFxn1__C)
                  000092a4    00000004     empty_pem4f.oem4f (.const:ti_sysbios_family_arm_m3_Hwi_Module__loggerFxn8__C)
                  000092a8    00000004     empty_pem4f.oem4f (.const:ti_sysbios_family_arm_m3_Hwi_Module__loggerObj__C)
                  000092ac    00000004     empty_pem4f.oem4f (.const:ti_sysbios_family_arm_m3_Hwi_NUM_INTERRUPTS__C)
                  000092b0    00000004     empty_pem4f.oem4f (.const:ti_sysbios_family_arm_m3_Hwi_Object__count__C)
                  000092b4    00000004     empty_pem4f.oem4f (.const:ti_sysbios_family_arm_m3_Hwi_ccr__C)
                  000092b8    00000004     empty_pem4f.oem4f (.const:ti_sysbios_family_arm_m3_Hwi_excHandlerFunc__C)
                  000092bc    00000004     empty_pem4f.oem4f (.const:ti_sysbios_family_arm_m3_Hwi_excHookFuncs__C)
                  000092c0    00000004     empty_pem4f.oem4f (.const:ti_sysbios_family_arm_m3_Hwi_nullIsrFunc__C)
                  000092c4    00000004     empty_pem4f.oem4f (.const:ti_sysbios_family_arm_m3_Hwi_priGroup__C)
                  000092c8    00000004     empty_pem4f.oem4f (.const:ti_sysbios_gates_GateMutex_A_badContext__C)
                  000092cc    00000004     empty_pem4f.oem4f (.const:ti_sysbios_gates_GateMutex_Instance_State_sem__O)
                  000092d0    00000004     empty_pem4f.oem4f (.const:ti_sysbios_gates_GateMutex_Module__diagsEnabled__C)
                  000092d4    00000004     empty_pem4f.oem4f (.const:ti_sysbios_gates_GateMutex_Module__diagsIncluded__C)
                  000092d8    00000004     empty_pem4f.oem4f (.const:ti_sysbios_gates_GateMutex_Module__diagsMask__C)
                  000092dc    00000004     empty_pem4f.oem4f (.const:ti_sysbios_hal_Hwi_E_stackOverflow__C)
                  000092e0    00000004     empty_pem4f.oem4f (.const:ti_sysbios_heaps_HeapMem_A_align__C)
                  000092e4    00000004     empty_pem4f.oem4f (.const:ti_sysbios_heaps_HeapMem_A_heapSize__C)
                  000092e8    00000004     empty_pem4f.oem4f (.const:ti_sysbios_heaps_HeapMem_A_invalidFree__C)
                  000092ec    00000004     empty_pem4f.oem4f (.const:ti_sysbios_heaps_HeapMem_A_zeroBlock__C)
                  000092f0    00000004     empty_pem4f.oem4f (.const:ti_sysbios_heaps_HeapMem_E_memory__C)
                  000092f4    00000004     empty_pem4f.oem4f (.const:ti_sysbios_heaps_HeapMem_Module__diagsEnabled__C)
                  000092f8    00000004     empty_pem4f.oem4f (.const:ti_sysbios_heaps_HeapMem_Module__diagsIncluded__C)
                  000092fc    00000004     empty_pem4f.oem4f (.const:ti_sysbios_heaps_HeapMem_Module__diagsMask__C)
                  00009300    00000004     empty_pem4f.oem4f (.const:ti_sysbios_heaps_HeapMem_Module__gateObj__C)
                  00009304    00000004     empty_pem4f.oem4f (.const:ti_sysbios_heaps_HeapMem_Object__count__C)
                  00009308    00000004     empty_pem4f.oem4f (.const:ti_sysbios_heaps_HeapMem_reqAlign__C)
                  0000930c    00000004     empty_pem4f.oem4f (.const:ti_sysbios_knl_Clock_LM_begin__C)
                  00009310    00000004     empty_pem4f.oem4f (.const:ti_sysbios_knl_Clock_LM_tick__C)
                  00009314    00000004     empty_pem4f.oem4f (.const:ti_sysbios_knl_Clock_LW_delayed__C)
                  00009318    00000004     empty_pem4f.oem4f (.const:ti_sysbios_knl_Clock_Module_State_clockQ__O)
                  0000931c    00000004     empty_pem4f.oem4f (.const:ti_sysbios_knl_Clock_Module__diagsEnabled__C)
                  00009320    00000004     empty_pem4f.oem4f (.const:ti_sysbios_knl_Clock_Module__diagsIncluded__C)
                  00009324    00000004     empty_pem4f.oem4f (.const:ti_sysbios_knl_Clock_Module__diagsMask__C)
                  00009328    00000004     empty_pem4f.oem4f (.const:ti_sysbios_knl_Clock_Module__loggerFxn1__C)
                  0000932c    00000004     empty_pem4f.oem4f (.const:ti_sysbios_knl_Clock_Module__loggerFxn2__C)
                  00009330    00000004     empty_pem4f.oem4f (.const:ti_sysbios_knl_Clock_Module__loggerObj__C)
                  00009334    00000004     empty_pem4f.oem4f (.const:ti_sysbios_knl_Semaphore_A_badContext__C)
                  00009338    00000004     empty_pem4f.oem4f (.const:ti_sysbios_knl_Semaphore_A_noEvents__C)
                  0000933c    00000004     empty_pem4f.oem4f (.const:ti_sysbios_knl_Semaphore_A_overflow__C)
                  00009340    00000004     empty_pem4f.oem4f (.const:ti_sysbios_knl_Semaphore_A_pendTaskDisabled__C)
                  00009344    00000004     empty_pem4f.oem4f (.const:ti_sysbios_knl_Semaphore_Instance_State_pendQ__O)
                  00009348    00000004     empty_pem4f.oem4f (.const:ti_sysbios_knl_Semaphore_LM_pend__C)
                  0000934c    00000004     empty_pem4f.oem4f (.const:ti_sysbios_knl_Semaphore_LM_post__C)
                  00009350    00000004     empty_pem4f.oem4f (.const:ti_sysbios_knl_Semaphore_Module__diagsEnabled__C)
                  00009354    00000004     empty_pem4f.oem4f (.const:ti_sysbios_knl_Semaphore_Module__diagsIncluded__C)
                  00009358    00000004     empty_pem4f.oem4f (.const:ti_sysbios_knl_Semaphore_Module__diagsMask__C)
                  0000935c    00000004     empty_pem4f.oem4f (.const:ti_sysbios_knl_Semaphore_Module__loggerFxn2__C)
                  00009360    00000004     empty_pem4f.oem4f (.const:ti_sysbios_knl_Semaphore_Module__loggerFxn4__C)
                  00009364    00000004     empty_pem4f.oem4f (.const:ti_sysbios_knl_Semaphore_Module__loggerObj__C)
                  00009368    00000004     empty_pem4f.oem4f (.const:ti_sysbios_knl_Swi_LD_end__C)
                  0000936c    00000004     empty_pem4f.oem4f (.const:ti_sysbios_knl_Swi_LM_begin__C)
                  00009370    00000004     empty_pem4f.oem4f (.const:ti_sysbios_knl_Swi_LM_post__C)
                  00009374    00000004     empty_pem4f.oem4f (.const:ti_sysbios_knl_Swi_Module__diagsEnabled__C)
                  00009378    00000004     empty_pem4f.oem4f (.const:ti_sysbios_knl_Swi_Module__diagsIncluded__C)
                  0000937c    00000004     empty_pem4f.oem4f (.const:ti_sysbios_knl_Swi_Module__diagsMask__C)
                  00009380    00000004     empty_pem4f.oem4f (.const:ti_sysbios_knl_Swi_Module__loggerFxn1__C)
                  00009384    00000004     empty_pem4f.oem4f (.const:ti_sysbios_knl_Swi_Module__loggerFxn4__C)
                  00009388    00000004     empty_pem4f.oem4f (.const:ti_sysbios_knl_Swi_Module__loggerObj__C)
                  0000938c    00000004     empty_pem4f.oem4f (.const:ti_sysbios_knl_Swi_Object__count__C)
                  00009390    00000004     empty_pem4f.oem4f (.const:ti_sysbios_knl_Task_E_spOutOfBounds__C)
                  00009394    00000004     empty_pem4f.oem4f (.const:ti_sysbios_knl_Task_E_stackOverflow__C)
                  00009398    00000004     empty_pem4f.oem4f (.const:ti_sysbios_knl_Task_LD_block__C)
                  0000939c    00000004     empty_pem4f.oem4f (.const:ti_sysbios_knl_Task_LD_exit__C)
                  000093a0    00000004     empty_pem4f.oem4f (.const:ti_sysbios_knl_Task_LD_ready__C)
                  000093a4    00000004     empty_pem4f.oem4f (.const:ti_sysbios_knl_Task_LM_switch__C)
                  000093a8    00000004     empty_pem4f.oem4f (.const:ti_sysbios_knl_Task_Module_State_inactiveQ__O)
                  000093ac    00000004     empty_pem4f.oem4f (.const:ti_sysbios_knl_Task_Module__diagsEnabled__C)
                  000093b0    00000004     empty_pem4f.oem4f (.const:ti_sysbios_knl_Task_Module__diagsIncluded__C)
                  000093b4    00000004     empty_pem4f.oem4f (.const:ti_sysbios_knl_Task_Module__diagsMask__C)
                  000093b8    00000004     empty_pem4f.oem4f (.const:ti_sysbios_knl_Task_Module__loggerFxn2__C)
                  000093bc    00000004     empty_pem4f.oem4f (.const:ti_sysbios_knl_Task_Module__loggerFxn4__C)
                  000093c0    00000004     empty_pem4f.oem4f (.const:ti_sysbios_knl_Task_Module__loggerObj__C)
                  000093c4    00000004     empty_pem4f.oem4f (.const:ti_sysbios_knl_Task_Object__count__C)
                  000093c8    00000004     empty_pem4f.oem4f (.const:ti_sysbios_knl_Task_Object__heap__C)
                  000093cc    00000004     empty_pem4f.oem4f (.const:ti_sysbios_knl_Task_allBlockedFunc__C)
                  000093d0    00000004     empty_pem4f.oem4f (.const:ti_sysbios_knl_Task_numConstructedTasks__C)
                  000093d4    00000004     empty_pem4f.oem4f (.const:ti_sysbios_utils_Load_LS_cpuLoad__C)
                  000093d8    00000004     empty_pem4f.oem4f (.const:ti_sysbios_utils_Load_LS_taskLoad__C)
                  000093dc    00000004     empty_pem4f.oem4f (.const:ti_sysbios_utils_Load_Module_State_taskList__O)
                  000093e0    00000004     empty_pem4f.oem4f (.const:ti_sysbios_utils_Load_Module__diagsEnabled__C)
                  000093e4    00000004     empty_pem4f.oem4f (.const:ti_sysbios_utils_Load_Module__diagsIncluded__C)
                  000093e8    00000004     empty_pem4f.oem4f (.const:ti_sysbios_utils_Load_Module__diagsMask__C)
                  000093ec    00000004     empty_pem4f.oem4f (.const:ti_sysbios_utils_Load_Module__loggerFxn1__C)
                  000093f0    00000004     empty_pem4f.oem4f (.const:ti_sysbios_utils_Load_Module__loggerFxn4__C)
                  000093f4    00000004     empty_pem4f.oem4f (.const:ti_sysbios_utils_Load_Module__loggerObj__C)
                  000093f8    00000004     empty_pem4f.oem4f (.const:ti_sysbios_utils_Load_postUpdate__C)
                  000093fc    00000004     empty_pem4f.oem4f (.const:ti_sysbios_utils_Load_windowInMs__C)
                  00009400    00000004     empty_pem4f.oem4f (.const:ti_uia_loggers_LoggerStopMode_Module__diagsEnabled__C)
                  00009404    00000004     empty_pem4f.oem4f (.const:ti_uia_loggers_LoggerStopMode_Module__diagsIncluded__C)
                  00009408    00000004     empty_pem4f.oem4f (.const:ti_uia_loggers_LoggerStopMode_Module__diagsMask__C)
                  0000940c    00000004     empty_pem4f.oem4f (.const:ti_uia_loggers_LoggerStopMode_Object__count__C)
                  00009410    00000004     empty_pem4f.oem4f (.const:ti_uia_runtime_ILoggerSnapshot_Interface__BASE__C)
                  00009414    00000004     empty_pem4f.oem4f (.const:ti_uia_runtime_IUIATransfer_Interface__BASE__C)
                  00009418    00000004     empty_pem4f.oem4f (.const:xdc_runtime_Assert_E_assertFailed__C)
                  0000941c    00000004     empty_pem4f.oem4f (.const:xdc_runtime_Core_A_initializedParams__C)
                  00009420    00000004     empty_pem4f.oem4f (.const:xdc_runtime_Core_Module__diagsEnabled__C)
                  00009424    00000004     empty_pem4f.oem4f (.const:xdc_runtime_Core_Module__diagsIncluded__C)
                  00009428    00000004     empty_pem4f.oem4f (.const:xdc_runtime_Core_Module__diagsMask__C)
                  0000942c    00000004     empty_pem4f.oem4f (.const:xdc_runtime_Error_E_memory__C)
                  00009430    00000004     empty_pem4f.oem4f (.const:xdc_runtime_Error_Module__diagsEnabled__C)
                  00009434    00000004     empty_pem4f.oem4f (.const:xdc_runtime_Error_Module__diagsIncluded__C)
                  00009438    00000004     empty_pem4f.oem4f (.const:xdc_runtime_Error_Module__diagsMask__C)
                  0000943c    00000004     empty_pem4f.oem4f (.const:xdc_runtime_Error_Module__loggerFxn8__C)
                  00009440    00000004     empty_pem4f.oem4f (.const:xdc_runtime_Error_Module__loggerObj__C)
                  00009444    00000004     empty_pem4f.oem4f (.const:xdc_runtime_Error_policyFxn__C)
                  00009448    00000004     empty_pem4f.oem4f (.const:xdc_runtime_Error_raiseHook__C)
                  0000944c    00000004     empty_pem4f.oem4f (.const:xdc_runtime_IFilterLogger_Interface__BASE__C)
                  00009450    00000004     empty_pem4f.oem4f (.const:xdc_runtime_IGateProvider_Interface__BASE__C)
                  00009454    00000004     empty_pem4f.oem4f (.const:xdc_runtime_IHeap_Interface__BASE__C)
                  00009458    00000004     empty_pem4f.oem4f (.const:xdc_runtime_ILogger_Interface__BASE__C)
                  0000945c    00000004     empty_pem4f.oem4f (.const:xdc_runtime_IModule_Interface__BASE__C)
                  00009460    00000004     empty_pem4f.oem4f (.const:xdc_runtime_Log_L_error__C)
                  00009464    00000004     empty_pem4f.oem4f (.const:xdc_runtime_Memory_defaultHeapInstance__C)
                  00009468    00000004     empty_pem4f.oem4f (.const:xdc_runtime_Startup_execImpl__C)
                  0000946c    00000004     empty_pem4f.oem4f (.const:xdc_runtime_Startup_lastFxns__A)
                  00009470    00000004     empty_pem4f.oem4f (.const:xdc_runtime_Startup_maxPasses__C)
                  00009474    00000004     empty_pem4f.oem4f (.const:xdc_runtime_Startup_sfxnRts__C)
                  00009478    00000004     empty_pem4f.oem4f (.const:xdc_runtime_Startup_sfxnTab__C)
                  0000947c    00000004     empty_pem4f.oem4f (.const:xdc_runtime_SysMin_bufSize__C)
                  00009480    00000004     empty_pem4f.oem4f (.const:xdc_runtime_SysMin_outputFunc__C)
                  00009484    00000004     empty_pem4f.oem4f (.const:xdc_runtime_System_Module__gateObj__C)
                  00009488    00000004     empty_pem4f.oem4f (.const:xdc_runtime_System_abortFxn__C)
                  0000948c    00000004     empty_pem4f.oem4f (.const:xdc_runtime_System_exitFxn__C)
                  00009490    00000004     empty_pem4f.oem4f (.const:xdc_runtime_System_extendFxn__C)
                  00009494    00000004     empty_pem4f.oem4f (.const:xdc_runtime_System_maxAtexitHandlers__C)
                  00009498    00000004     empty_pem4f.oem4f (.const:xdc_runtime_Text_charTab__C)
                  0000949c    00000004     empty_pem4f.oem4f (.const:xdc_runtime_Text_nameEmpty__C)
                  000094a0    00000004     empty_pem4f.oem4f (.const:xdc_runtime_Text_nameStatic__C)
                  000094a4    00000004     empty_pem4f.oem4f (.const:xdc_runtime_Text_nameUnknown__C)
                  000094a8    00000004     empty_pem4f.oem4f (.const:xdc_runtime_Text_nodeTab__C)
                  000094ac    00000004     empty_pem4f.oem4f (.const:xdc_runtime_Text_visitRopeFxn__C)
                  000094b0    00000002     empty_pem4f.oem4f (.const:ti_catalog_arm_cortexm4_tiva_ce_Boot_Module__id__C)
                  000094b2    00000002     empty_pem4f.oem4f (.const:ti_sysbios_family_arm_lm4_TimestampProvider_useClockTimer__C)
                  000094b4    00000002     empty_pem4f.oem4f (.const:ti_sysbios_family_arm_m3_Hwi_Module__id__C)
                  000094b6    00000002     empty_pem4f.oem4f (.const:ti_sysbios_family_arm_m3_Hwi_Module__loggerDefined__C)
                  000094b8    00000002     empty_pem4f.oem4f (.const:ti_sysbios_gates_GateMutex_Module__id__C)
                  000094ba    00000002     empty_pem4f.oem4f (.const:ti_sysbios_hal_Hwi_Module__id__C)
                  000094bc    00000002     empty_pem4f.oem4f (.const:ti_sysbios_heaps_HeapMem_Module__id__C)
                  000094be    00000002     empty_pem4f.oem4f (.const:ti_sysbios_knl_Clock_Module__id__C)
                  000094c0    00000002     empty_pem4f.oem4f (.const:ti_sysbios_knl_Clock_Module__loggerDefined__C)
                  000094c2    00000002     empty_pem4f.oem4f (.const:ti_sysbios_knl_Semaphore_Module__id__C)
                  000094c4    00000002     empty_pem4f.oem4f (.const:ti_sysbios_knl_Semaphore_Module__loggerDefined__C)
                  000094c6    00000002     empty_pem4f.oem4f (.const:ti_sysbios_knl_Swi_Module__id__C)
                  000094c8    00000002     empty_pem4f.oem4f (.const:ti_sysbios_knl_Swi_Module__loggerDefined__C)
                  000094ca    00000002     empty_pem4f.oem4f (.const:ti_sysbios_knl_Task_Module__id__C)
                  000094cc    00000002     empty_pem4f.oem4f (.const:ti_sysbios_knl_Task_Module__loggerDefined__C)
                  000094ce    00000002     empty_pem4f.oem4f (.const:ti_sysbios_utils_Load_Module__id__C)
                  000094d0    00000002     empty_pem4f.oem4f (.const:ti_sysbios_utils_Load_Module__loggerDefined__C)
                  000094d2    00000002     empty_pem4f.oem4f (.const:ti_sysbios_utils_Load_autoAddTasks__C)
                  000094d4    00000002     empty_pem4f.oem4f (.const:ti_sysbios_utils_Load_updateInIdle__C)
                  000094d6    00000002     empty_pem4f.oem4f (.const:ti_uia_loggers_LoggerStopMode_Module__id__C)
                  000094d8    00000002     empty_pem4f.oem4f (.const:ti_uia_loggers_LoggerStopMode_isTimestampEnabled__C)
                  000094da    00000002     empty_pem4f.oem4f (.const:xdc_runtime_Core_Module__id__C)
                  000094dc    00000002     empty_pem4f.oem4f (.const:xdc_runtime_Error_Module__loggerDefined__C)
                  000094de    00000002     empty_pem4f.oem4f (.const:xdc_runtime_Error_maxDepth__C)
                  000094e0    00000002     empty_pem4f.oem4f (.const:xdc_runtime_Memory_Module__id__C)
                  000094e2    00000002     empty_pem4f.oem4f (.const:xdc_runtime_SysMin_flushAtExit__C)
                  000094e4    00000002     empty_pem4f.oem4f (.const:xdc_runtime_Text_charCnt__C)
                  000094e6    00000002     empty_pem4f.oem4f (.const:xdc_runtime_Text_isLoaded__C)
                  000094e8    00000002     empty_pem4f.oem4f (.const:xdc_runtime_Text_registryModsLastId__C)
                  000094ea    00000002     empty_pem4f.oem4f (.const:xdc_runtime_Text_unnamedModsLastId__C)

.cinit     0    000094f0    00000464     
                  000094f0    00000425     (.cinit..data.load) [load image, compression = rle]
                  00009915    00000003     --HOLE-- [fill = 0]
                  00009918    0000000b     (.cinit..bss.load) [load image, compression = rle]
                  00009923    00000005     --HOLE-- [fill = 0]
                  00009928    0000000b     (.cinit..vecs.load) [load image, compression = rle]
                  00009933    00000001     --HOLE-- [fill = 0]
                  00009934    00000008     (__TI_handler_table)
                  0000993c    00000018     (__TI_cinit_table)

.init_array 
*          0    00000000    00000000     UNINITIALIZED

.resetVecs 
*          0    00000000    0000003c     
                  00000000    0000003c     empty_pem4f.oem4f (.resetVecs)

.vecs      0    20000000    00000360     UNINITIALIZED
                  20000000    00000360     empty_pem4f.oem4f (.vecs)

.bss       0    20000380    000016b0     UNINITIALIZED
                  20000380    00000400     (.common:ti_sysbios_heaps_HeapMem_Instance_State_0_buf__A)
                  20000780    00000400     (.common:ti_uia_loggers_LoggerStopMode_Instance_State_1_packetArray__A)
                  20000b80    00000400     (.common:ti_uia_loggers_LoggerStopMode_Instance_State_2_packetArray__A)
                  20000f80    00000360     (.common:ti_sysbios_family_arm_m3_Hwi_dispatchTable)
                  200012e0    00000200     empty_pem4f.oem4f (.bss:taskStackSection)
                  200014e0    00000010     (.common:adcDistanceSample)
                  200014f0    0000000c     (.common:rxChar)
                  200014fc    00000004     (.common:ti_sysbios_knl_Task_Instance_State_0_hookEnv__A)
                  20001500    00000200     (.common:ti_uia_loggers_LoggerStopMode_Instance_State_0_packetArray__A)
                  20001700    00000120     rtsv7M4_T_le_v4SPD16_eabi.lib : trgmsg.obj (.bss:_CIOBUF_)
                  20001820    00000080     (.common:xdc_runtime_SysMin_Module_State_0_outbuf__A)
                  200018a0    00000008     (.common:adcDistanceString)
                  200018a8    00000008     (.common:parmbuf)
                  200018b0    00000050     --HOLE--
                  20001900    00000030     (.common:ti_uia_loggers_LoggerStopMode_Instance_State_0_hdr__A)
                  20001930    00000050     --HOLE--
                  20001980    00000030     (.common:ti_uia_loggers_LoggerStopMode_Instance_State_1_hdr__A)
                  200019b0    00000050     --HOLE--
                  20001a00    00000030     (.common:ti_uia_loggers_LoggerStopMode_Instance_State_2_hdr__A)

.data      0    20001a30    00000640     UNINITIALIZED
                  20001a30    0000009c     empty_pem4f.oem4f (.data:ti_uia_loggers_LoggerStopMode_Object__table__V)
                  20001acc    00000098     empty_pem4f.oem4f (.data:ti_sysbios_utils_Load_Module__state__V)
                  20001b64    00000080     empty_pem4f.oem4f (.data:ti_sysbios_family_arm_lm4_Timer_Object__table__V)
                  20001be4    00000080     empty_pem4f.oem4f (.data:ti_sysbios_knl_Swi_Module_State_0_readyQ__A)
                  20001c64    00000080     empty_pem4f.oem4f (.data:ti_sysbios_knl_Task_Module_State_0_readyQ__A)
                  20001ce4    00000060     empty_pem4f.oem4f (.data:ti_sysbios_knl_Swi_Object__table__V)
                  20001d44    00000050     empty_pem4f.oem4f (.data:ti_sysbios_knl_Task_Object__table__V)
                  20001d94    00000048     empty_pem4f.oem4f (.data:ti_sysbios_family_arm_m3_Hwi_Object__table__V)
                  20001ddc    00000044     empty_pem4f.oem4f (.data:ti_sysbios_knl_Task_Module__state__V)
                  20001e20    00000038     empty_pem4f.oem4f (.data:ti_sysbios_gates_GateMutex_Object__table__V)
                  20001e58    00000034     empty_pem4f.oem4f (.data:ti_sysbios_family_arm_m3_Hwi_Module__state__V)
                  20001e8c    00000030     empty_pem4f.oem4f (.data:ti_sysbios_family_arm_lm4_Timer_Module_State_0_device__A)
                  20001ebc    0000002c     empty_pem4f.oem4f (.data:ti_sysbios_knl_Clock_Module__state__V)
                  20001ee8    00000024     empty_pem4f.oem4f (.data:ti_sysbios_BIOS_Module__state__V)
                  20001f0c    0000001c     empty_pem4f.oem4f (.data:ti_sysbios_knl_Swi_Module__state__V)
                  20001f28    0000001c     empty_pem4f.oem4f (.data:ti_sysbios_utils_Load_Module_State_0_taskEnv__A)
                  20001f44    00000018     empty_pem4f.oem4f (.data:ti_sysbios_family_arm_lm4_Timer_Module_State_0_handles__A)
                  20001f5c    00000018     empty_pem4f.oem4f (.data:ti_sysbios_heaps_HeapMem_Object__table__V)
                  20001f74    00000014     tivaCbluetooth.obj (.data:instructCodes)
                  20001f88    00000014     tivaCbluetooth.obj (.data:instructDef)
                  20001f9c    0000000c     rtsv7M4_T_le_v4SPD16_eabi.lib : exit.obj (.data:$O1$$)
                  20001fa8    0000000c     empty_pem4f.oem4f (.data:ti_sysbios_family_arm_lm4_Timer_Module__state__V)
                  20001fb4    0000000c     empty_pem4f.oem4f (.data:ti_sysbios_knl_Task_Module__root__V)
                  20001fc0    0000000c     empty_pem4f.oem4f (.data:ti_uia_runtime_QueueDescriptor_Module__state__V)
                  20001fcc    0000000c     tivaCbluetooth.obj (.data)
                  20001fd8    0000000c     empty_pem4f.oem4f (.data:xdc_runtime_SysMin_Module__state__V)
                  20001fe4    00000008     rtsv7M4_T_le_v4SPD16_eabi.lib : _lock.obj (.data:$O1$$)
                  20001fec    00000008     ti.uia.runtime.aem4f : QueueDescriptor.oem4f (.data)
                  20001ff4    00000008     empty_pem4f.oem4f (.data:ti_sysbios_family_arm_lm4_TimestampProvider_Module__state__V)
                  20001ffc    00000008     empty_pem4f.oem4f (.data:ti_sysbios_gates_GateHwi_Module__root__V)
                  20002004    00000008     empty_pem4f.oem4f (.data:ti_sysbios_gates_GateMutex_Module__root__V)
                  2000200c    00000008     empty_pem4f.oem4f (.data:ti_sysbios_heaps_HeapMem_Module__root__V)
                  20002014    00000008     empty_pem4f.oem4f (.data:ti_sysbios_knl_Queue_Module__root__V)
                  2000201c    00000008     empty_pem4f.oem4f (.data:ti_sysbios_knl_Semaphore_Module__root__V)
                  20002024    00000008     empty_pem4f.oem4f (.data:ti_uia_loggers_LoggerStopMode_Module__root__V)
                  2000202c    00000008     empty_pem4f.oem4f (.data:xdc_runtime_Registry_Module__state__V)
                  20002034    00000008     empty_pem4f.oem4f (.data:xdc_runtime_Startup_Module__state__V)
                  2000203c    00000008     empty_pem4f.oem4f (.data:xdc_runtime_System_Module_State_0_atexitHandlers__A)
                  20002044    00000008     empty_pem4f.oem4f (.data:xdc_runtime_System_Module__state__V)
                  2000204c    00000004     rtsv7M4_T_le_v4SPD16_eabi.lib : stkdepth_vars.obj (.data)
                  20002050    00000004     empty_pem4f.oem4f (.data:ti_sysbios_family_arm_m3_Hwi_Module_State_0_excContext__A)
                  20002054    00000004     empty_pem4f.oem4f (.data:ti_sysbios_family_arm_m3_Hwi_Module_State_0_excStack__A)
                  20002058    00000004     empty_pem4f.oem4f (.data:ti_sysbios_gates_GateHwi_Object__table__V)
                  2000205c    00000004     empty_pem4f.oem4f (.data:ti_sysbios_knl_Task_Module_State_0_idleTask__A)
                  20002060    00000004     empty_pem4f.oem4f (.data:ti_sysbios_utils_Load_Module_State_0_runningTask__A)
                  20002064    00000004     empty_pem4f.oem4f (.data:ti_sysbios_utils_Load_Module_State_0_taskStartTime__A)
                  20002068    00000004     empty_pem4f.oem4f (.data:xdc_runtime_Memory_Module__state__V)
                  2000206c    00000002     empty_pem4f.oem4f (.data:ti_sysbios_family_arm_m3_Hwi_Module_State_0_excActive__A)
                  2000206e    00000002     empty_pem4f.oem4f (.data:xdc_runtime_Error_Module__state__V)

.stack     0    20002070    00000400     UNINITIALIZED
                  20002070    00000400     --HOLE--

.bootVecs 
*          0    00000000    00000008     DSECT
                  00000000    00000008     boot.aem4f : boot.oem4f (.bootVecs)

xdc.meta   0    00000000    000000d8     COPY SECTION
                  00000000    000000d8     empty_pem4f.oem4f (xdc.meta)

MODULE SUMMARY

       Module                     code    ro data   rw data
       ------                     ----    -------   -------
    .\
       tivaCbluetooth.obj         726     136       88     
       initialiseProject.obj      504     0         0      
       uartFunctions.obj          446     0         0      
       adcFunctions.obj           52      0         0      
    +--+--------------------------+-------+---------+---------+
       Total:                     1728    136       88     
                                                           
    C:\TI_RTOS\Workspace\BT_Project\Debug\configPkg\package\cfg\
       empty_pem4f.oem4f          3080    9912      7616   
    +--+--------------------------+-------+---------+---------+
       Total:                     3080    9912      7616   
                                                           
    C:/ti/tirtos_tivac_2_16_01_14/products/TivaWare_C_Series-2.1.1.71b/driverlib/ccs/Debug/driverlib.lib
       sysctl.obj                 642     108       0      
       gpio.obj                   502     144       0      
       adc.obj                    308     0         0      
       uart.obj                   188     0         0      
       pwm.obj                    122     0         0      
    +--+--------------------------+-------+---------+---------+
       Total:                     1762    252       0      
                                                           
    C:\TI_RTOS\Workspace\BT_Project\src\sysbios\sysbios.aem4f
       BIOS.obj                   14218   0         0      
       m3_Hwi_asm.obj             314     0         0      
       m3_TaskSupport_asm.obj     180     0         0      
       m3_Hwi_asm_switch.obj      118     0         0      
    +--+--------------------------+-------+---------+---------+
       Total:                     14830   0         0      
                                                           
    C:\ti\ccsv6\tools\compiler\ti-cgt-arm_15.12.7.LTS\lib\rtsv7M4_T_le_v4SPD16_eabi.lib
       trgmsg.obj                 104     0         288    
       memcpy_t2.obj              156     0         0      
       memset_t2.obj              122     0         0      
       copy_decompress_rle.obj    112     0         0      
       exit.obj                   84      0         12     
       hostwrite.obj              88      0         0      
       cpy_tbl.obj                76      0         0      
       u_divt2.obj                64      0         0      
       _lock.obj                  20      0         8      
       args_main.obj              24      0         0      
       strcmp.obj                 24      0         0      
       strlen.obj                 20      0         0      
       copy_decompress_none.obj   14      0         0      
       hostopen.obj               0       0         8      
       stkdepth_vars.obj          0       0         4      
       i_div0.obj                 2       0         0      
    +--+--------------------------+-------+---------+---------+
       Total:                     910     0         320    
                                                           
    C:\ti\tirtos_tivac_2_16_01_14\products\bios_6_45_02_31\packages\ti\catalog\arm\cortexm4\tiva\ce\lib\Boot.aem4f
       Boot_sysctl.oem4f          262     0         0      
       Boot.oem4f                 152     0         0      
    +--+--------------------------+-------+---------+---------+
       Total:                     414     0         0      
                                                           
    C:\ti\tirtos_tivac_2_16_01_14\products\bios_6_45_02_31\packages\ti\targets\arm\rtsarm\lib\auto_init.aem4f
       auto_init.oem4f            160     0         0      
    +--+--------------------------+-------+---------+---------+
       Total:                     160     0         0      
                                                           
    C:\ti\tirtos_tivac_2_16_01_14\products\bios_6_45_02_31\packages\ti\targets\arm\rtsarm\lib\boot.aem4f
       boot.oem4f                 88      0         0      
    +--+--------------------------+-------+---------+---------+
       Total:                     88      0         0      
                                                           
    C:\ti\tirtos_tivac_2_16_01_14\products\bios_6_45_02_31\packages\ti\targets\arm\rtsarm\lib\ti.targets.arm.rtsarm.aem4f
       System.oem4f               1255    0         0      
       Text.oem4f                 672     0         0      
       Error.oem4f                524     0         0      
       Core-mem.oem4f             358     0         0      
       Startup.oem4f              328     0         0      
       SysMin.oem4f               248     0         0      
       Core-smem.oem4f            204     0         0      
       Memory.oem4f               176     0         0      
       Assert.oem4f               84      0         0      
       Core-params.oem4f          70      0         0      
       Core-label.oem4f           52      0         0      
       Registry.oem4f             32      0         0      
       Gate.oem4f                 28      0         0      
    +--+--------------------------+-------+---------+---------+
       Total:                     4031    0         0      
                                                           
    C:\ti\tirtos_tivac_2_16_01_14\products\uia_2_00_05_50\packages\ti\uia\loggers\lib\release\ti.uia.loggers.aem4f
       LoggerStopMode.oem4f       552     0         0      
    +--+--------------------------+-------+---------+---------+
       Total:                     552     0         0      
[...]
00009280  ti_sysbios_family_arm_m3_Hwi_E_reserved__C                        
00009284  ti_sysbios_family_arm_m3_Hwi_E_svCall__C                          
00009288  ti_sysbios_family_arm_m3_Hwi_E_usageFault__C                      
0000928c  ti_sysbios_family_arm_m3_Hwi_LD_end__C                            
00009290  ti_sysbios_family_arm_m3_Hwi_LM_begin__C                          
00009294  ti_sysbios_family_arm_m3_Hwi_Module__diagsEnabled__C              
00009298  ti_sysbios_family_arm_m3_Hwi_Module__diagsIncluded__C             
0000929c  ti_sysbios_family_arm_m3_Hwi_Module__diagsMask__C                 
000092a0  ti_sysbios_family_arm_m3_Hwi_Module__loggerFxn1__C                
000092a4  ti_sysbios_family_arm_m3_Hwi_Module__loggerFxn8__C                
000092a8  ti_sysbios_family_arm_m3_Hwi_Module__loggerObj__C                 
000092ac  ti_sysbios_family_arm_m3_Hwi_NUM_INTERRUPTS__C                    
000092b0  ti_sysbios_family_arm_m3_Hwi_Object__count__C                     
000092b4  ti_sysbios_family_arm_m3_Hwi_ccr__C                               
000092b8  ti_sysbios_family_arm_m3_Hwi_excHandlerFunc__C                    
000092bc  ti_sysbios_family_arm_m3_Hwi_excHookFuncs__C                      
000092c0  ti_sysbios_family_arm_m3_Hwi_nullIsrFunc__C                       
000092c4  ti_sysbios_family_arm_m3_Hwi_priGroup__C                          
000092c8  ti_sysbios_gates_GateMutex_A_badContext__C                        
000092cc  ti_sysbios_gates_GateMutex_Instance_State_sem__O                  
000092d0  ti_sysbios_gates_GateMutex_Module__diagsEnabled__C                
000092d4  ti_sysbios_gates_GateMutex_Module__diagsIncluded__C               
000092d8  ti_sysbios_gates_GateMutex_Module__diagsMask__C                   
000092dc  ti_sysbios_hal_Hwi_E_stackOverflow__C                             
000092e0  ti_sysbios_heaps_HeapMem_A_align__C                               
000092e4  ti_sysbios_heaps_HeapMem_A_heapSize__C                            
000092e8  ti_sysbios_heaps_HeapMem_A_invalidFree__C                         
000092ec  ti_sysbios_heaps_HeapMem_A_zeroBlock__C                           
000092f0  ti_sysbios_heaps_HeapMem_E_memory__C                              
000092f4  ti_sysbios_heaps_HeapMem_Module__diagsEnabled__C                  
000092f8  ti_sysbios_heaps_HeapMem_Module__diagsIncluded__C                 
000092fc  ti_sysbios_heaps_HeapMem_Module__diagsMask__C                     
00009300  ti_sysbios_heaps_HeapMem_Module__gateObj__C                       
00009304  ti_sysbios_heaps_HeapMem_Object__count__C                         
00009308  ti_sysbios_heaps_HeapMem_reqAlign__C                              
0000930c  ti_sysbios_knl_Clock_LM_begin__C                                  
00009310  ti_sysbios_knl_Clock_LM_tick__C                                   
00009314  ti_sysbios_knl_Clock_LW_delayed__C                                
00009318  ti_sysbios_knl_Clock_Module_State_clockQ__O                       
0000931c  ti_sysbios_knl_Clock_Module__diagsEnabled__C                      
00009320  ti_sysbios_knl_Clock_Module__diagsIncluded__C                     
00009324  ti_sysbios_knl_Clock_Module__diagsMask__C                         
00009328  ti_sysbios_knl_Clock_Module__loggerFxn1__C                        
0000932c  ti_sysbios_knl_Clock_Module__loggerFxn2__C                        
00009330  ti_sysbios_knl_Clock_Module__loggerObj__C                         
00009334  ti_sysbios_knl_Semaphore_A_badContext__C                          
00009338  ti_sysbios_knl_Semaphore_A_noEvents__C                            
0000933c  ti_sysbios_knl_Semaphore_A_overflow__C                            
00009340  ti_sysbios_knl_Semaphore_A_pendTaskDisabled__C                    
00009344  ti_sysbios_knl_Semaphore_Instance_State_pendQ__O                  
00009348  ti_sysbios_knl_Semaphore_LM_pend__C                               
0000934c  ti_sysbios_knl_Semaphore_LM_post__C                               
00009350  ti_sysbios_knl_Semaphore_Module__diagsEnabled__C                  
00009354  ti_sysbios_knl_Semaphore_Module__diagsIncluded__C                 
00009358  ti_sysbios_knl_Semaphore_Module__diagsMask__C                     
0000935c  ti_sysbios_knl_Semaphore_Module__loggerFxn2__C                    
00009360  ti_sysbios_knl_Semaphore_Module__loggerFxn4__C                    
00009364  ti_sysbios_knl_Semaphore_Module__loggerObj__C                     
00009368  ti_sysbios_knl_Swi_LD_end__C                                      
0000936c  ti_sysbios_knl_Swi_LM_begin__C                                    
00009370  ti_sysbios_knl_Swi_LM_post__C                                     
00009374  ti_sysbios_knl_Swi_Module__diagsEnabled__C                        
00009378  ti_sysbios_knl_Swi_Module__diagsIncluded__C                       
0000937c  ti_sysbios_knl_Swi_Module__diagsMask__C                           
00009380  ti_sysbios_knl_Swi_Module__loggerFxn1__C                          
00009384  ti_sysbios_knl_Swi_Module__loggerFxn4__C                          
00009388  ti_sysbios_knl_Swi_Module__loggerObj__C                           
0000938c  ti_sysbios_knl_Swi_Object__count__C                               
00009390  ti_sysbios_knl_Task_E_spOutOfBounds__C                            
00009394  ti_sysbios_knl_Task_E_stackOverflow__C                            
00009398  ti_sysbios_knl_Task_LD_block__C                                   
0000939c  ti_sysbios_knl_Task_LD_exit__C                                    
000093a0  ti_sysbios_knl_Task_LD_ready__C                                   
000093a4  ti_sysbios_knl_Task_LM_switch__C                                  
000093a8  ti_sysbios_knl_Task_Module_State_inactiveQ__O                     
000093ac  ti_sysbios_knl_Task_Module__diagsEnabled__C                       
000093b0  ti_sysbios_knl_Task_Module__diagsIncluded__C                      
000093b4  ti_sysbios_knl_Task_Module__diagsMask__C                          
000093b8  ti_sysbios_knl_Task_Module__loggerFxn2__C                         
000093bc  ti_sysbios_knl_Task_Module__loggerFxn4__C                         
000093c0  ti_sysbios_knl_Task_Module__loggerObj__C                          
000093c4  ti_sysbios_knl_Task_Object__count__C                              
000093c8  ti_sysbios_knl_Task_Object__heap__C                               
000093cc  ti_sysbios_knl_Task_allBlockedFunc__C                             
000093d0  ti_sysbios_knl_Task_numConstructedTasks__C                        
000093d4  ti_sysbios_utils_Load_LS_cpuLoad__C                               
000093d8  ti_sysbios_utils_Load_LS_taskLoad__C                              
000093dc  ti_sysbios_utils_Load_Module_State_taskList__O                    
000093e0  ti_sysbios_utils_Load_Module__diagsEnabled__C                     
000093e4  ti_sysbios_utils_Load_Module__diagsIncluded__C                    
000093e8  ti_sysbios_utils_Load_Module__diagsMask__C                        
000093ec  ti_sysbios_utils_Load_Module__loggerFxn1__C                       
000093f0  ti_sysbios_utils_Load_Module__loggerFxn4__C                       
000093f4  ti_sysbios_utils_Load_Module__loggerObj__C                        
000093f8  ti_sysbios_utils_Load_postUpdate__C                               
000093fc  ti_sysbios_utils_Load_windowInMs__C                               
00009400  ti_uia_loggers_LoggerStopMode_Module__diagsEnabled__C             
00009404  ti_uia_loggers_LoggerStopMode_Module__diagsIncluded__C            
00009408  ti_uia_loggers_LoggerStopMode_Module__diagsMask__C                
0000940c  ti_uia_loggers_LoggerStopMode_Object__count__C                    
00009410  ti_uia_runtime_ILoggerSnapshot_Interface__BASE__C                 
00009414  ti_uia_runtime_IUIATransfer_Interface__BASE__C                    
00009418  xdc_runtime_Assert_E_assertFailed__C                              
0000941c  xdc_runtime_Core_A_initializedParams__C                           
00009420  xdc_runtime_Core_Module__diagsEnabled__C                          
00009424  xdc_runtime_Core_Module__diagsIncluded__C                         
00009428  xdc_runtime_Core_Module__diagsMask__C                             
0000942c  xdc_runtime_Error_E_memory__C                                     
00009430  xdc_runtime_Error_Module__diagsEnabled__C                         
00009434  xdc_runtime_Error_Module__diagsIncluded__C                        
00009438  xdc_runtime_Error_Module__diagsMask__C                            
0000943c  xdc_runtime_Error_Module__loggerFxn8__C                           
00009440  xdc_runtime_Error_Module__loggerObj__C                            
00009444  xdc_runtime_Error_policyFxn__C                                    
00009448  xdc_runtime_Error_raiseHook__C                                    
0000944c  xdc_runtime_IFilterLogger_Interface__BASE__C                      
00009450  xdc_runtime_IGateProvider_Interface__BASE__C                      
00009454  xdc_runtime_IHeap_Interface__BASE__C                              
00009458  xdc_runtime_ILogger_Interface__BASE__C                            
0000945c  xdc_runtime_IModule_Interface__BASE__C                            
00009460  xdc_runtime_Log_L_error__C                                        
00009464  xdc_runtime_Memory_defaultHeapInstance__C                         
00009468  xdc_runtime_Startup_execImpl__C                                   
0000946c  xdc_runtime_Startup_lastFxns__A                                   
00009470  xdc_runtime_Startup_maxPasses__C                                  
00009474  xdc_runtime_Startup_sfxnRts__C                                    
00009478  xdc_runtime_Startup_sfxnTab__C                                    
0000947c  xdc_runtime_SysMin_bufSize__C                                     
00009480  xdc_runtime_SysMin_outputFunc__C                                  
00009484  xdc_runtime_System_Module__gateObj__C                             
00009488  xdc_runtime_System_abortFxn__C                                    
0000948c  xdc_runtime_System_exitFxn__C                                     
00009490  xdc_runtime_System_extendFxn__C                                   
00009494  xdc_runtime_System_maxAtexitHandlers__C                           
00009498  xdc_runtime_Text_charTab__C                                       
0000949c  xdc_runtime_Text_nameEmpty__C                                     
000094a0  xdc_runtime_Text_nameStatic__C                                    
000094a4  xdc_runtime_Text_nameUnknown__C                                   
000094a8  xdc_runtime_Text_nodeTab__C                                       
000094ac  xdc_runtime_Text_visitRopeFxn__C                                  
000094b0  ti_catalog_arm_cortexm4_tiva_ce_Boot_Module__id__C                
000094b2  ti_sysbios_family_arm_lm4_TimestampProvider_useClockTimer__C      
000094b4  ti_sysbios_family_arm_m3_Hwi_Module__id__C                        
000094b6  ti_sysbios_family_arm_m3_Hwi_Module__loggerDefined__C             
000094b8  ti_sysbios_gates_GateMutex_Module__id__C                          
000094ba  ti_sysbios_hal_Hwi_Module__id__C                                  
000094bc  ti_sysbios_heaps_HeapMem_Module__id__C                            
000094be  ti_sysbios_knl_Clock_Module__id__C                                
000094c0  ti_sysbios_knl_Clock_Module__loggerDefined__C                     
000094c2  ti_sysbios_knl_Semaphore_Module__id__C                            
000094c4  ti_sysbios_knl_Semaphore_Module__loggerDefined__C                 
000094c6  ti_sysbios_knl_Swi_Module__id__C                                  
000094c8  ti_sysbios_knl_Swi_Module__loggerDefined__C                       
000094ca  ti_sysbios_knl_Task_Module__id__C                                 
000094cc  ti_sysbios_knl_Task_Module__loggerDefined__C                      
000094ce  ti_sysbios_utils_Load_Module__id__C                               
000094d0  ti_sysbios_utils_Load_Module__loggerDefined__C                    
000094d2  ti_sysbios_utils_Load_autoAddTasks__C                             
000094d4  ti_sysbios_utils_Load_updateInIdle__C                             
000094d6  ti_uia_loggers_LoggerStopMode_Module__id__C                       
000094d8  ti_uia_loggers_LoggerStopMode_isTimestampEnabled__C               
000094da  xdc_runtime_Core_Module__id__C                                    
000094dc  xdc_runtime_Error_Module__loggerDefined__C                        
000094de  xdc_runtime_Error_maxDepth__C                                     
000094e0  xdc_runtime_Memory_Module__id__C                                  
000094e2  xdc_runtime_SysMin_flushAtExit__C                                 
000094e4  xdc_runtime_Text_charCnt__C                                       
000094e6  xdc_runtime_Text_isLoaded__C                                      
000094e8  xdc_runtime_Text_registryModsLastId__C                            
000094ea  xdc_runtime_Text_unnamedModsLastId__C                             
000094f0  __TI_static_base__                                                
00009934  __TI_Handler_Table_Base                                           
0000993c  __TI_CINIT_Base                                                   
0000993c  __TI_Handler_Table_Limit                                          
00009954  __TI_CINIT_Limit                                                  
20000000  ti_sysbios_family_arm_m3_Hwi_ramVectors                           
20000380  ti_sysbios_heaps_HeapMem_Instance_State_0_buf__A                  
20000780  ti_uia_loggers_LoggerStopMode_Instance_State_1_packetArray__A     
20000b80  ti_uia_loggers_LoggerStopMode_Instance_State_2_packetArray__A     
20000f80  ti_sysbios_family_arm_m3_Hwi_dispatchTable                        
200012e0  ti_sysbios_knl_Task_Instance_State_0_stack__A                     
200014e0  adcDistanceSample                                                 
200014f0  rxChar                                                            
200014fc  ti_sysbios_knl_Task_Instance_State_0_hookEnv__A                   
20001500  ti_uia_loggers_LoggerStopMode_Instance_State_0_packetArray__A     
20001700  __CIOBUF_                                                         
20001820  xdc_runtime_SysMin_Module_State_0_outbuf__A                       
200018a0  adcDistanceString                                                 
200018a8  parmbuf                                                           
20001900  ti_uia_loggers_LoggerStopMode_Instance_State_0_hdr__A             
20001980  ti_uia_loggers_LoggerStopMode_Instance_State_1_hdr__A             
20001a00  ti_uia_loggers_LoggerStopMode_Instance_State_2_hdr__A             
20001a30  ti_uia_loggers_LoggerStopMode_Object__table__V                    
20001acc  ti_sysbios_utils_Load_Module__state__V                            
20001b64  ti_sysbios_family_arm_lm4_Timer_Object__table__V                  
20001be4  ti_sysbios_knl_Swi_Module_State_0_readyQ__A                       
20001c64  ti_sysbios_knl_Task_Module_State_0_readyQ__A                      
20001ce4  ti_sysbios_knl_Swi_Object__table__V                               
20001d44  ti_sysbios_knl_Task_Object__table__V                              
20001d94  ti_sysbios_family_arm_m3_Hwi_Object__table__V                     
20001ddc  ti_sysbios_knl_Task_Module__state__V                              
20001e20  ti_sysbios_gates_GateMutex_Object__table__V                       
20001e58  ti_sysbios_family_arm_m3_Hwi_Module__state__V                     
20001e8c  ti_sysbios_family_arm_lm4_Timer_Module_State_0_device__A          
20001ebc  ti_sysbios_knl_Clock_Module__state__V                             
20001ee8  ti_sysbios_BIOS_Module__state__V                                  
20001f0c  ti_sysbios_knl_Swi_Module__state__V                               
20001f28  ti_sysbios_utils_Load_Module_State_0_taskEnv__A                   
20001f44  ti_sysbios_family_arm_lm4_Timer_Module_State_0_handles__A         
20001f5c  ti_sysbios_heaps_HeapMem_Object__table__V                         
20001f9c  __TI_cleanup_ptr                                                  
20001fa0  __TI_dtors_ptr                                                    
20001fa4  __TI_enable_exit_profile_output                                   
20001fa8  ti_sysbios_family_arm_lm4_Timer_Module__state__V                  
20001fb4  ti_sysbios_knl_Task_Module__root__V                               
20001fc0  ti_uia_runtime_QueueDescriptor_Module__state__V                   
20001fcc  timeron                                                           
20001fce  count                                                             
20001fd0  index                                                             
20001fd8  xdc_runtime_SysMin_Module__state__V                               
20001fe4  _lock                                                             
20001fe8  _unlock                                                           
20001fec  ti_uia_runtime_QueueDescriptor_gPtrToFirstDescriptor              
20001ff0  ti_uia_runtime_QueueDescriptor_gUpdateCount                       
20001ff4  ti_sysbios_family_arm_lm4_TimestampProvider_Module__state__V      
20001ffc  ti_sysbios_gates_GateHwi_Module__root__V                          
20002004  ti_sysbios_gates_GateMutex_Module__root__V                        
2000200c  ti_sysbios_heaps_HeapMem_Module__root__V                          
20002014  ti_sysbios_knl_Queue_Module__root__V                              
2000201c  ti_sysbios_knl_Semaphore_Module__root__V                          
20002024  ti_uia_loggers_LoggerStopMode_Module__root__V                     
2000202c  xdc_runtime_Registry_Module__state__V                             
20002034  xdc_runtime_Startup_Module__state__V                              
2000203c  xdc_runtime_System_Module_State_0_atexitHandlers__A               
20002044  xdc_runtime_System_Module__state__V                               
2000204c  main_func_sp                                                      
20002050  ti_sysbios_family_arm_m3_Hwi_Module_State_0_excContext__A         
20002054  ti_sysbios_family_arm_m3_Hwi_Module_State_0_excStack__A           
20002058  ti_sysbios_gates_GateHwi_Object__table__V                         
2000205c  ti_sysbios_knl_Task_Module_State_0_idleTask__A                    
20002060  ti_sysbios_utils_Load_Module_State_0_runningTask__A               
20002064  ti_sysbios_utils_Load_Module_State_0_taskStartTime__A             
20002068  xdc_runtime_Memory_Module__state__V                               
2000206c  ti_sysbios_family_arm_m3_Hwi_Module_State_0_excActive__A          
2000206e  xdc_runtime_Error_Module__state__V                                
20002070  __stack                                                           
20002470  __STACK_END                                                       
e000e000  ti_sysbios_family_arm_m3_Hwi_nvic                                 
ffffffff  __TI_pprof_out_hndl                                               
ffffffff  __TI_prof_data_size                                               
ffffffff  __TI_prof_data_start                                              
ffffffff  __binit__                                                         
ffffffff  __c_args__                                                        
ffffffff  binit                                                             
UNDEFED   SHT$$INIT_ARRAY$$Base                                             
UNDEFED   SHT$$INIT_ARRAY$$Limit                                            

[703 symbols]
